Archive member included to satisfy reference by file (symbol)

/Applications/ArmGNUToolchain/14.2.rel1/arm-none-eabi/bin/../lib/gcc/arm-none-eabi/14.2.1/thumb/v7e-m/nofp/libgcc.a(_arm_mulsf3.o)
                              CMakeFiles/ride-height-test.elf.dir/Core/Inc/AFBR-S50/Test/argus_hal_test.c.obj (__aeabi_fmul)
/Applications/ArmGNUToolchain/14.2.rel1/arm-none-eabi/bin/../lib/gcc/arm-none-eabi/14.2.1/thumb/v7e-m/nofp/libgcc.a(_arm_addsubsf3.o)
                              CMakeFiles/ride-height-test.elf.dir/Core/Inc/AFBR-S50/Test/argus_hal_test.c.obj (__aeabi_fsub)
/Applications/ArmGNUToolchain/14.2.rel1/arm-none-eabi/bin/../lib/gcc/arm-none-eabi/14.2.1/thumb/v7e-m/nofp/libgcc.a(_arm_muldivsf3.o)
                              CMakeFiles/ride-height-test.elf.dir/Core/Inc/AFBR-S50/Test/argus_hal_test.c.obj (__aeabi_fdiv)
/Applications/ArmGNUToolchain/14.2.rel1/arm-none-eabi/bin/../lib/gcc/arm-none-eabi/14.2.1/thumb/v7e-m/nofp/libgcc.a(_arm_cmpsf2.o)
                              CMakeFiles/ride-height-test.elf.dir/Core/Inc/AFBR-S50/Test/argus_hal_test.c.obj (__aeabi_fcmplt)
/Applications/ArmGNUToolchain/14.2.rel1/arm-none-eabi/bin/../lib/gcc/arm-none-eabi/14.2.1/thumb/v7e-m/nofp/libgcc.a(_arm_fixsfsi.o)
                              CMakeFiles/ride-height-test.elf.dir/Core/Inc/AFBR-S50/Test/argus_hal_test.c.obj (__aeabi_f2iz)
/Applications/ArmGNUToolchain/14.2.rel1/arm-none-eabi/bin/../lib/gcc/arm-none-eabi/14.2.1/../../../../arm-none-eabi/lib/thumb/v7e-m/nofp/libg.a(libc_a-assert.o)
                              CMakeFiles/ride-height-test.elf.dir/Core/Inc/AFBR-S50/Test/argus_hal_test.c.obj (__assert_func)
/Applications/ArmGNUToolchain/14.2.rel1/arm-none-eabi/bin/../lib/gcc/arm-none-eabi/14.2.1/../../../../arm-none-eabi/lib/thumb/v7e-m/nofp/libg.a(libc_a-exit.o)
                              /Applications/ArmGNUToolchain/14.2.rel1/arm-none-eabi/bin/../lib/gcc/arm-none-eabi/14.2.1/../../../../arm-none-eabi/lib/thumb/v7e-m/nofp/crt0.o (exit)
/Applications/ArmGNUToolchain/14.2.rel1/arm-none-eabi/bin/../lib/gcc/arm-none-eabi/14.2.1/../../../../arm-none-eabi/lib/thumb/v7e-m/nofp/libg.a(libc_a-fiprintf.o)
                              /Applications/ArmGNUToolchain/14.2.rel1/arm-none-eabi/bin/../lib/gcc/arm-none-eabi/14.2.1/../../../../arm-none-eabi/lib/thumb/v7e-m/nofp/libg.a(libc_a-assert.o) (fiprintf)
/Applications/ArmGNUToolchain/14.2.rel1/arm-none-eabi/bin/../lib/gcc/arm-none-eabi/14.2.1/../../../../arm-none-eabi/lib/thumb/v7e-m/nofp/libg.a(libc_a-vfiprintf.o)
                              /Applications/ArmGNUToolchain/14.2.rel1/arm-none-eabi/bin/../lib/gcc/arm-none-eabi/14.2.1/../../../../arm-none-eabi/lib/thumb/v7e-m/nofp/libg.a(libc_a-fiprintf.o) (_vfiprintf_r)
/Applications/ArmGNUToolchain/14.2.rel1/arm-none-eabi/bin/../lib/gcc/arm-none-eabi/14.2.1/../../../../arm-none-eabi/lib/thumb/v7e-m/nofp/libg.a(libc_a-sprint_r.o)
                              /Applications/ArmGNUToolchain/14.2.rel1/arm-none-eabi/bin/../lib/gcc/arm-none-eabi/14.2.1/../../../../arm-none-eabi/lib/thumb/v7e-m/nofp/libg.a(libc_a-vfiprintf.o) (__sprint_r)
/Applications/ArmGNUToolchain/14.2.rel1/arm-none-eabi/bin/../lib/gcc/arm-none-eabi/14.2.1/../../../../arm-none-eabi/lib/thumb/v7e-m/nofp/libg.a(libc_a-fflush.o)
                              /Applications/ArmGNUToolchain/14.2.rel1/arm-none-eabi/bin/../lib/gcc/arm-none-eabi/14.2.1/../../../../arm-none-eabi/lib/thumb/v7e-m/nofp/libg.a(libc_a-vfiprintf.o) (_fflush_r)
/Applications/ArmGNUToolchain/14.2.rel1/arm-none-eabi/bin/../lib/gcc/arm-none-eabi/14.2.1/../../../../arm-none-eabi/lib/thumb/v7e-m/nofp/libg.a(libc_a-findfp.o)
                              /Applications/ArmGNUToolchain/14.2.rel1/arm-none-eabi/bin/../lib/gcc/arm-none-eabi/14.2.1/../../../../arm-none-eabi/lib/thumb/v7e-m/nofp/libg.a(libc_a-fflush.o) (__sglue)
/Applications/ArmGNUToolchain/14.2.rel1/arm-none-eabi/bin/../lib/gcc/arm-none-eabi/14.2.1/../../../../arm-none-eabi/lib/thumb/v7e-m/nofp/libg.a(libc_a-wsetup.o)
                              /Applications/ArmGNUToolchain/14.2.rel1/arm-none-eabi/bin/../lib/gcc/arm-none-eabi/14.2.1/../../../../arm-none-eabi/lib/thumb/v7e-m/nofp/libg.a(libc_a-vfiprintf.o) (__swsetup_r)
/Applications/ArmGNUToolchain/14.2.rel1/arm-none-eabi/bin/../lib/gcc/arm-none-eabi/14.2.1/../../../../arm-none-eabi/lib/thumb/v7e-m/nofp/libg.a(libc_a-memcmp.o)
                              CMakeFiles/ride-height-test.elf.dir/Core/Inc/AFBR-S50/Test/argus_hal_test.c.obj (memcmp)
/Applications/ArmGNUToolchain/14.2.rel1/arm-none-eabi/bin/../lib/gcc/arm-none-eabi/14.2.1/../../../../arm-none-eabi/lib/thumb/v7e-m/nofp/libg.a(libc_a-memset.o)
                              /Applications/ArmGNUToolchain/14.2.rel1/arm-none-eabi/bin/../lib/gcc/arm-none-eabi/14.2.1/../../../../arm-none-eabi/lib/thumb/v7e-m/nofp/crt0.o (memset)
/Applications/ArmGNUToolchain/14.2.rel1/arm-none-eabi/bin/../lib/gcc/arm-none-eabi/14.2.1/../../../../arm-none-eabi/lib/thumb/v7e-m/nofp/libg.a(libc_a-strncpy.o)
[...]
Memory Configuration

Name             Origin             Length             Attributes
RAM              0x20000000         0x00050000         xrw
RAM2             0x10000000         0x00010000         xrw
FLASH            0x08000000         0x00100000         xr
*default*        0x00000000         0xffffffff

Linker script and memory map

LOAD /Applications/ArmGNUToolchain/14.2.rel1/arm-none-eabi/bin/../lib/gcc/arm-none-eabi/14.2.1/thumb/v7e-m/nofp/crti.o
LOAD /Applications/ArmGNUToolchain/14.2.rel1/arm-none-eabi/bin/../lib/gcc/arm-none-eabi/14.2.1/thumb/v7e-m/nofp/crtbegin.o
LOAD /Applications/ArmGNUToolchain/14.2.rel1/arm-none-eabi/bin/../lib/gcc/arm-none-eabi/14.2.1/../../../../arm-none-eabi/lib/thumb/v7e-m/nofp/crt0.o
LOAD CMakeFiles/ride-height-test.elf.dir/Core/Inc/AFBR-S50/Include/platform/argus_irq.cpp.obj
LOAD CMakeFiles/ride-height-test.elf.dir/Core/Inc/AFBR-S50/Include/platform/argus_nvm.c.obj
LOAD CMakeFiles/ride-height-test.elf.dir/Core/Inc/AFBR-S50/Include/platform/argus_print.c.obj
LOAD CMakeFiles/ride-height-test.elf.dir/Core/Inc/AFBR-S50/Include/platform/argus_s2pi.c.obj
LOAD CMakeFiles/ride-height-test.elf.dir/Core/Inc/AFBR-S50/Include/platform/argus_timer.c.obj
LOAD CMakeFiles/ride-height-test.elf.dir/Core/Inc/AFBR-S50/Test/argus_hal_test.c.obj
LOAD CMakeFiles/ride-height-test.elf.dir/Core/Src/gpio.c.obj
LOAD CMakeFiles/ride-height-test.elf.dir/Core/Src/main.c.obj
LOAD CMakeFiles/ride-height-test.elf.dir/Core/Src/spi.c.obj
LOAD CMakeFiles/ride-height-test.elf.dir/Core/Src/stm32l4xx_hal_msp.c.obj
LOAD CMakeFiles/ride-height-test.elf.dir/Core/Src/stm32l4xx_it.c.obj
LOAD CMakeFiles/ride-height-test.elf.dir/Core/Src/syscalls.c.obj
LOAD CMakeFiles/ride-height-test.elf.dir/Core/Src/sysmem.c.obj
LOAD CMakeFiles/ride-height-test.elf.dir/Core/Src/system_stm32l4xx.c.obj
LOAD CMakeFiles/ride-height-test.elf.dir/Core/Startup/startup_stm32l496rgtx.s.obj
LOAD CMakeFiles/ride-height-test.elf.dir/Drivers/STM32L4xx_HAL_Driver/Src/stm32l4xx_hal.c.obj
LOAD CMakeFiles/ride-height-test.elf.dir/Drivers/STM32L4xx_HAL_Driver/Src/stm32l4xx_hal_cortex.c.obj
LOAD CMakeFiles/ride-height-test.elf.dir/Drivers/STM32L4xx_HAL_Driver/Src/stm32l4xx_hal_dma.c.obj
LOAD CMakeFiles/ride-height-test.elf.dir/Drivers/STM32L4xx_HAL_Driver/Src/stm32l4xx_hal_dma_ex.c.obj
LOAD CMakeFiles/ride-height-test.elf.dir/Drivers/STM32L4xx_HAL_Driver/Src/stm32l4xx_hal_exti.c.obj
LOAD CMakeFiles/ride-height-test.elf.dir/Drivers/STM32L4xx_HAL_Driver/Src/stm32l4xx_hal_flash.c.obj
LOAD CMakeFiles/ride-height-test.elf.dir/Drivers/STM32L4xx_HAL_Driver/Src/stm32l4xx_hal_flash_ex.c.obj
LOAD CMakeFiles/ride-height-test.elf.dir/Drivers/STM32L4xx_HAL_Driver/Src/stm32l4xx_hal_flash_ramfunc.c.obj
LOAD CMakeFiles/ride-height-test.elf.dir/Drivers/STM32L4xx_HAL_Driver/Src/stm32l4xx_hal_gpio.c.obj
LOAD CMakeFiles/ride-height-test.elf.dir/Drivers/STM32L4xx_HAL_Driver/Src/stm32l4xx_hal_i2c.c.obj
LOAD CMakeFiles/ride-height-test.elf.dir/Drivers/STM32L4xx_HAL_Driver/Src/stm32l4xx_hal_i2c_ex.c.obj
LOAD CMakeFiles/ride-height-test.elf.dir/Drivers/STM32L4xx_HAL_Driver/Src/stm32l4xx_hal_pwr.c.obj
LOAD CMakeFiles/ride-height-test.elf.dir/Drivers/STM32L4xx_HAL_Driver/Src/stm32l4xx_hal_pwr_ex.c.obj
LOAD CMakeFiles/ride-height-test.elf.dir/Drivers/STM32L4xx_HAL_Driver/Src/stm32l4xx_hal_rcc.c.obj
LOAD CMakeFiles/ride-height-test.elf.dir/Drivers/STM32L4xx_HAL_Driver/Src/stm32l4xx_hal_rcc_ex.c.obj
LOAD CMakeFiles/ride-height-test.elf.dir/Drivers/STM32L4xx_HAL_Driver/Src/stm32l4xx_hal_spi.c.obj
LOAD CMakeFiles/ride-height-test.elf.dir/Drivers/STM32L4xx_HAL_Driver/Src/stm32l4xx_hal_spi_ex.c.obj
LOAD CMakeFiles/ride-height-test.elf.dir/Drivers/STM32L4xx_HAL_Driver/Src/stm32l4xx_hal_tim.c.obj
LOAD CMakeFiles/ride-height-test.elf.dir/Drivers/STM32L4xx_HAL_Driver/Src/stm32l4xx_hal_tim_ex.c.obj
LOAD /Applications/ArmGNUToolchain/14.2.rel1/arm-none-eabi/bin/../lib/gcc/arm-none-eabi/14.2.1/../../../../arm-none-eabi/lib/thumb/v7e-m/nofp/libstdc++.a
LOAD /Applications/ArmGNUToolchain/14.2.rel1/arm-none-eabi/bin/../lib/gcc/arm-none-eabi/14.2.1/../../../../arm-none-eabi/lib/thumb/v7e-m/nofp/libm.a
START GROUP
LOAD /Applications/ArmGNUToolchain/14.2.rel1/arm-none-eabi/bin/../lib/gcc/arm-none-eabi/14.2.1/thumb/v7e-m/nofp/libgcc.a
LOAD /Applications/ArmGNUToolchain/14.2.rel1/arm-none-eabi/bin/../lib/gcc/arm-none-eabi/14.2.1/../../../../arm-none-eabi/lib/thumb/v7e-m/nofp/libg.a
LOAD /Applications/ArmGNUToolchain/14.2.rel1/arm-none-eabi/bin/../lib/gcc/arm-none-eabi/14.2.1/../../../../arm-none-eabi/lib/thumb/v7e-m/nofp/libc.a
END GROUP
LOAD /Applications/ArmGNUToolchain/14.2.rel1/arm-none-eabi/bin/../lib/gcc/arm-none-eabi/14.2.1/thumb/v7e-m/nofp/crtend.o
LOAD /Applications/ArmGNUToolchain/14.2.rel1/arm-none-eabi/bin/../lib/gcc/arm-none-eabi/14.2.1/thumb/v7e-m/nofp/crtn.o
                0x20050000                        _estack = (ORIGIN (RAM) + LENGTH (RAM))
                0x00000200                        _Min_Heap_Size = 0x200
                0x00000400                        _Min_Stack_Size = 0x400

.isr_vector     0x08000000      0x1ac
                0x08000000                        . = ALIGN (0x4)
 *(.isr_vector)
 .isr_vector    0x08000000      0x1ac CMakeFiles/ride-height-test.elf.dir/Core/Startup/startup_stm32l496rgtx.s.obj
                0x08000000                g_pfnVectors
                0x080001ac                        . = ALIGN (0x4)

.text           0x080001ac     0x14f4
                0x080001ac                        . = ALIGN (0x4)
 *(.text)
 *(.text*)
 .text.deregister_tm_clones
                0x080001ac       0x1c /Applications/ArmGNUToolchain/14.2.rel1/arm-none-eabi/bin/../lib/gcc/arm-none-eabi/14.2.1/thumb/v7e-m/nofp/crtbegin.o
 .text.register_tm_clones
                0x080001c8       0x24 /Applications/ArmGNUToolchain/14.2.rel1/arm-none-eabi/bin/../lib/gcc/arm-none-eabi/14.2.1/thumb/v7e-m/nofp/crtbegin.o
 .text.__do_global_dtors_aux
                0x080001ec       0x28 /Applications/ArmGNUToolchain/14.2.rel1/arm-none-eabi/bin/../lib/gcc/arm-none-eabi/14.2.1/thumb/v7e-m/nofp/crtbegin.o
 .text.frame_dummy
                0x08000214       0x24 /Applications/ArmGNUToolchain/14.2.rel1/arm-none-eabi/bin/../lib/gcc/arm-none-eabi/14.2.1/thumb/v7e-m/nofp/crtbegin.o
 .text.MX_GPIO_Init
                0x08000238       0x7c CMakeFiles/ride-height-test.elf.dir/Core/Src/gpio.c.obj
                0x08000238                MX_GPIO_Init
 .text.Error_Handler
                0x080002b4        0x4 CMakeFiles/ride-height-test.elf.dir/Core/Src/main.c.obj
                0x080002b4                Error_Handler
 .text.SystemClock_Config
                0x080002b8       0x76 CMakeFiles/ride-height-test.elf.dir/Core/Src/main.c.obj
                0x080002b8                SystemClock_Config
 .text.main     0x0800032e       0x14 CMakeFiles/ride-height-test.elf.dir/Core/Src/main.c.obj
                0x0800032e                main
 *fill*         0x08000342        0x2 
 .text.MX_SPI2_Init
                0x08000344       0x48 CMakeFiles/ride-height-test.elf.dir/Core/Src/spi.c.obj
                0x08000344                MX_SPI2_Init
 .text.HAL_SPI_MspInit
                0x0800038c       0xc8 CMakeFiles/ride-height-test.elf.dir/Core/Src/spi.c.obj
                0x0800038c                HAL_SPI_MspInit
 .text.HAL_MspInit
                0x08000454       0x30 CMakeFiles/ride-height-test.elf.dir/Core/Src/stm32l4xx_hal_msp.c.obj
                0x08000454                HAL_MspInit
 .text.NMI_Handler
                0x08000484        0x2 CMakeFiles/ride-height-test.elf.dir/Core/Src/stm32l4xx_it.c.obj
                0x08000484                NMI_Handler
 .text.HardFault_Handler
                0x08000486        0x2 CMakeFiles/ride-height-test.elf.dir/Core/Src/stm32l4xx_it.c.obj
                0x08000486                HardFault_Handler
 .text.MemManage_Handler
                0x08000488        0x2 CMakeFiles/ride-height-test.elf.dir/Core/Src/stm32l4xx_it.c.obj
                0x08000488                MemManage_Handler
 .text.BusFault_Handler
                0x0800048a        0x2 CMakeFiles/ride-height-test.elf.dir/Core/Src/stm32l4xx_it.c.obj
                0x0800048a                BusFault_Handler
 .text.UsageFault_Handler
                0x0800048c        0x2 CMakeFiles/ride-height-test.elf.dir/Core/Src/stm32l4xx_it.c.obj
                0x0800048c                UsageFault_Handler
 .text.SVC_Handler
                0x0800048e        0x2 CMakeFiles/ride-height-test.elf.dir/Core/Src/stm32l4xx_it.c.obj
                0x0800048e                SVC_Handler
 .text.DebugMon_Handler
                0x08000490        0x2 CMakeFiles/ride-height-test.elf.dir/Core/Src/stm32l4xx_it.c.obj
                0x08000490                DebugMon_Handler
 .text.PendSV_Handler
                0x08000492        0x2 CMakeFiles/ride-height-test.elf.dir/Core/Src/stm32l4xx_it.c.obj
                0x08000492                PendSV_Handler
 .text.SysTick_Handler
                0x08000494        0x8 CMakeFiles/ride-height-test.elf.dir/Core/Src/stm32l4xx_it.c.obj
                0x08000494                SysTick_Handler
 .text.SPI2_IRQHandler
                0x0800049c       0x10 CMakeFiles/ride-height-test.elf.dir/Core/Src/stm32l4xx_it.c.obj
                0x0800049c                SPI2_IRQHandler
 .text.SystemInit
                0x080004ac        0x2 CMakeFiles/ride-height-test.elf.dir/Core/Src/system_stm32l4xx.c.obj
                0x080004ac                SystemInit
 *fill*         0x080004ae        0x2 
 .text.Reset_Handler
                0x080004b0       0x50 CMakeFiles/ride-height-test.elf.dir/Core/Startup/startup_stm32l496rgtx.s.obj
                0x080004b0                Reset_Handler
 .text.Default_Handler
                0x08000500        0x2 CMakeFiles/ride-height-test.elf.dir/Core/Startup/startup_stm32l496rgtx.s.obj
                0x08000500                TIM1_BRK_TIM15_IRQHandler
                0x08000500                EXTI2_IRQHandler
                0x08000500                TIM8_TRG_COM_IRQHandler
                0x08000500                TIM8_CC_IRQHandler
                0x08000500                TIM1_CC_IRQHandler
                0x08000500                TSC_IRQHandler
                0x08000500                TAMP_STAMP_IRQHandler
                0x08000500                CAN2_RX1_IRQHandler
                0x08000500                EXTI3_IRQHandler
                0x08000500                LPTIM2_IRQHandler
                0x08000500                DFSDM1_FLT1_IRQHandler
                0x08000500                I2C3_ER_IRQHandler
                0x08000500                DFSDM1_FLT2_IRQHandler
                0x08000500                EXTI0_IRQHandler
                0x08000500                I2C2_EV_IRQHandler
                0x08000500                CAN1_RX0_IRQHandler
                0x08000500                FPU_IRQHandler
                0x08000500                TIM1_UP_TIM16_IRQHandler
                0x08000500                CAN2_SCE_IRQHandler
                0x08000500                ADC1_2_IRQHandler
                0x08000500                SPI1_IRQHandler
                0x08000500                TIM6_DAC_IRQHandler
                0x08000500                DCMI_IRQHandler
                0x08000500                CAN2_RX0_IRQHandler
                0x08000500                TIM8_UP_IRQHandler
                0x08000500                DMA2_Channel2_IRQHandler
                0x08000500                DMA1_Channel4_IRQHandler
                0x08000500                SAI2_IRQHandler
                0x08000500                DFSDM1_FLT3_IRQHandler
                0x08000500                USART3_IRQHandler
                0x08000500                DMA1_Channel7_IRQHandler
                0x08000500                CAN1_RX1_IRQHandler
                0x08000500                LCD_IRQHandler
                0x08000500                UART5_IRQHandler
                0x08000500                ADC3_IRQHandler
                0x08000500                TIM4_IRQHandler
                0x08000500                DMA2_Channel1_IRQHandler
                0x08000500                QUADSPI_IRQHandler
                0x08000500                I2C1_EV_IRQHandler
                0x08000500                DMA1_Channel6_IRQHandler
                0x08000500                UART4_IRQHandler
                0x08000500                DMA2_Channel4_IRQHandler
                0x08000500                TIM3_IRQHandler
                0x08000500                RCC_IRQHandler
                0x08000500                DMA1_Channel1_IRQHandler
                0x08000500                Default_Handler
                0x08000500                DMA2_Channel7_IRQHandler
                0x08000500                EXTI15_10_IRQHandler
                0x08000500                TIM7_IRQHandler
                0x08000500                SDMMC1_IRQHandler
                0x08000500                CAN2_TX_IRQHandler
                0x08000500                TIM5_IRQHandler
                0x08000500                I2C3_EV_IRQHandler
                0x08000500                EXTI9_5_IRQHandler
                0x08000500                RTC_WKUP_IRQHandler
                0x08000500                PVD_PVM_IRQHandler
                0x08000500                CAN1_TX_IRQHandler
                0x08000500                DMA2_Channel5_IRQHandler
                0x08000500                CRS_IRQHandler
                0x08000500                DMA1_Channel5_IRQHandler
                0x08000500                EXTI4_IRQHandler
                0x08000500                RNG_IRQHandler
                0x08000500                TIM1_TRG_COM_TIM17_IRQHandler
                0x08000500                DMA1_Channel3_IRQHandler
                0x08000500                COMP_IRQHandler
                0x08000500                WWDG_IRQHandler
                0x08000500                I2C4_EV_IRQHandler
                0x08000500                LPUART1_IRQHandler
                0x08000500                DMA2_Channel6_IRQHandler
                0x08000500                TIM2_IRQHandler
                0x08000500                EXTI1_IRQHandler
                0x08000500                USART2_IRQHandler
                0x08000500                DFSDM1_FLT0_IRQHandler
                0x08000500                I2C2_ER_IRQHandler
                0x08000500                DMA1_Channel2_IRQHandler
                0x08000500                TIM8_BRK_IRQHandler
                0x08000500                CAN1_SCE_IRQHandler
                0x08000500                FLASH_IRQHandler
                0x08000500                USART1_IRQHandler
                0x08000500                OTG_FS_IRQHandler
                0x08000500                SPI3_IRQHandler
                0x08000500                I2C1_ER_IRQHandler
                0x08000500                FMC_IRQHandler
                0x08000500                SWPMI1_IRQHandler
                0x08000500                LPTIM1_IRQHandler
                0x08000500                I2C4_ER_IRQHandler
                0x08000500                SAI1_IRQHandler
                0x08000500                DMA2_Channel3_IRQHandler
                0x08000500                RTC_Alarm_IRQHandler
 *fill*         0x08000502        0x2 
 .text.HAL_InitTick
                0x08000504       0x50 CMakeFiles/ride-height-test.elf.dir/Drivers/STM32L4xx_HAL_Driver/Src/stm32l4xx_hal.c.obj
                0x08000504                HAL_InitTick
 .text.HAL_Init
                0x08000554       0x1e CMakeFiles/ride-height-test.elf.dir/Drivers/STM32L4xx_HAL_Driver/Src/stm32l4xx_hal.c.obj
                0x08000554                HAL_Init
 *fill*         0x08000572        0x2 
 .text.HAL_IncTick
                0x08000574       0x18 CMakeFiles/ride-height-test.elf.dir/Drivers/STM32L4xx_HAL_Driver/Src/stm32l4xx_hal.c.obj
                0x08000574                HAL_IncTick
 .text.HAL_GetTick
                0x0800058c        0xc CMakeFiles/ride-height-test.elf.dir/Drivers/STM32L4xx_HAL_Driver/Src/stm32l4xx_hal.c.obj
                0x0800058c                HAL_GetTick
 .text.__NVIC_EnableIRQ
                0x08000598       0x1c CMakeFiles/ride-height-test.elf.dir/Drivers/STM32L4xx_HAL_Driver/Src/stm32l4xx_hal_cortex.c.obj
 .text.__NVIC_SetPriority
                0x080005b4       0x28 CMakeFiles/ride-height-test.elf.dir/Drivers/STM32L4xx_HAL_Driver/Src/stm32l4xx_hal_cortex.c.obj
 .text.NVIC_EncodePriority
                0x080005dc       0x3e CMakeFiles/ride-height-test.elf.dir/Drivers/STM32L4xx_HAL_Driver/Src/stm32l4xx_hal_cortex.c.obj
 *fill*         0x0800061a        0x2 
 .text.HAL_NVIC_SetPriorityGrouping
                0x0800061c       0x24 CMakeFiles/ride-height-test.elf.dir/Drivers/STM32L4xx_HAL_Driver/Src/stm32l4xx_hal_cortex.c.obj
                0x0800061c                HAL_NVIC_SetPriorityGrouping
 .text.HAL_NVIC_SetPriority
                0x08000640       0x20 CMakeFiles/ride-height-test.elf.dir/Drivers/STM32L4xx_HAL_Driver/Src/stm32l4xx_hal_cortex.c.obj
                0x08000640                HAL_NVIC_SetPriority
 .text.HAL_NVIC_EnableIRQ
                0x08000660        0x8 CMakeFiles/ride-height-test.elf.dir/Drivers/STM32L4xx_HAL_Driver/Src/stm32l4xx_hal_cortex.c.obj
                0x08000660                HAL_NVIC_EnableIRQ
 .text.HAL_SYSTICK_Config
                0x08000668       0x28 CMakeFiles/ride-height-test.elf.dir/Drivers/STM32L4xx_HAL_Driver/Src/stm32l4xx_hal_cortex.c.obj
                0x08000668                HAL_SYSTICK_Config
 .text.HAL_DMA_Abort_IT
                0x08000690       0x4e CMakeFiles/ride-height-test.elf.dir/Drivers/STM32L4xx_HAL_Driver/Src/stm32l4xx_hal_dma.c.obj
                0x08000690                HAL_DMA_Abort_IT
 *fill*         0x080006de        0x2 
 .text.HAL_GPIO_Init
                0x080006e0      0x1f4 CMakeFiles/ride-height-test.elf.dir/Drivers/STM32L4xx_HAL_Driver/Src/stm32l4xx_hal_gpio.c.obj
                0x080006e0                HAL_GPIO_Init
 .text.HAL_GPIO_WritePin
                0x080008d4        0xa CMakeFiles/ride-height-test.elf.dir/Drivers/STM32L4xx_HAL_Driver/Src/stm32l4xx_hal_gpio.c.obj
                0x080008d4                HAL_GPIO_WritePin
 *fill*         0x080008de        0x2 
 .text.HAL_PWREx_GetVoltageRange
                0x080008e0       0x10 CMakeFiles/ride-height-test.elf.dir/Drivers/STM32L4xx_HAL_Driver/Src/stm32l4xx_hal_pwr_ex.c.obj
                0x080008e0                HAL_PWREx_GetVoltageRange
 .text.HAL_PWREx_ControlVoltageScaling
                0x080008f0       0x90 CMakeFiles/ride-height-test.elf.dir/Drivers/STM32L4xx_HAL_Driver/Src/stm32l4xx_hal_pwr_ex.c.obj
                0x080008f0                HAL_PWREx_ControlVoltageScaling
 .text.RCC_SetFlashLatencyFromMSIRange
                0x08000980       0x90 CMakeFiles/ride-height-test.elf.dir/Drivers/STM32L4xx_HAL_Driver/Src/stm32l4xx_hal_rcc.c.obj
 .text.HAL_RCC_GetSysClockFreq
                0x08000a10       0xa0 CMakeFiles/ride-height-test.elf.dir/Drivers/STM32L4xx_HAL_Driver/Src/stm32l4xx_hal_rcc.c.obj
                0x08000a10                HAL_RCC_GetSysClockFreq
 .text.HAL_RCC_OscConfig
                0x08000ab0      0x67c CMakeFiles/ride-height-test.elf.dir/Drivers/STM32L4xx_HAL_Driver/Src/stm32l4xx_hal_rcc.c.obj
                0x08000ab0                HAL_RCC_OscConfig
 .text.HAL_RCC_ClockConfig
                0x0800112c      0x188 CMakeFiles/ride-height-test.elf.dir/Drivers/STM32L4xx_HAL_Driver/Src/stm32l4xx_hal_rcc.c.obj
                0x0800112c                HAL_RCC_ClockConfig
 .text.HAL_SPI_Init
                0x080012b4       0xde CMakeFiles/ride-height-test.elf.dir/Drivers/STM32L4xx_HAL_Driver/Src/stm32l4xx_hal_spi.c.obj
                0x080012b4                HAL_SPI_Init
 .text.HAL_SPI_ErrorCallback
                0x08001392        0x2 CMakeFiles/ride-height-test.elf.dir/Drivers/STM32L4xx_HAL_Driver/Src/stm32l4xx_hal_spi.c.obj
                0x08001392                HAL_SPI_ErrorCallback
 .text.HAL_SPI_IRQHandler
                0x08001394      0x124 CMakeFiles/ride-height-test.elf.dir/Drivers/STM32L4xx_HAL_Driver/Src/stm32l4xx_hal_spi.c.obj
                0x08001394                HAL_SPI_IRQHandler
 .text.SPI_DMAAbortOnError
                0x080014b8       0x12 CMakeFiles/ride-height-test.elf.dir/Drivers/STM32L4xx_HAL_Driver/Src/stm32l4xx_hal_spi.c.obj
 *fill*         0x080014ca        0x2 
 .text.memset   0x080014cc       0x9c /Applications/ArmGNUToolchain/14.2.rel1/arm-none-eabi/bin/../lib/gcc/arm-none-eabi/14.2.1/../../../../arm-none-eabi/lib/thumb/v7e-m/nofp/libg.a(libc_a-memset.o)
                0x080014cc                memset
 .text.__libc_init_array
                0x08001568       0x50 /Applications/ArmGNUToolchain/14.2.rel1/arm-none-eabi/bin/../lib/gcc/arm-none-eabi/14.2.1/../../../../arm-none-eabi/lib/thumb/v7e-m/nofp/libg.a(libc_a-init.o)
                0x08001568                __libc_init_array
 .text.__retarget_lock_acquire_recursive
                0x080015b8        0x4 /Applications/ArmGNUToolchain/14.2.rel1/arm-none-eabi/bin/../lib/gcc/arm-none-eabi/14.2.1/../../../../arm-none-eabi/lib/thumb/v7e-m/nofp/libg.a(libc_a-lock.o)
                0x080015b8                __retarget_lock_acquire_recursive
 .text.__retarget_lock_release_recursive
                0x080015bc        0x4 /Applications/ArmGNUToolchain/14.2.rel1/arm-none-eabi/bin/../lib/gcc/arm-none-eabi/14.2.1/../../../../arm-none-eabi/lib/thumb/v7e-m/nofp/libg.a(libc_a-lock.o)
                0x080015bc                __retarget_lock_release_recursive
 .text.startup.register_fini
                0x080015c0       0x14 /Applications/ArmGNUToolchain/14.2.rel1/arm-none-eabi/bin/../lib/gcc/arm-none-eabi/14.2.1/../../../../arm-none-eabi/lib/thumb/v7e-m/nofp/libg.a(libc_a-__call_atexit.o)
 .text.atexit   0x080015d4        0xc /Applications/ArmGNUToolchain/14.2.rel1/arm-none-eabi/bin/../lib/gcc/arm-none-eabi/14.2.1/../../../../arm-none-eabi/lib/thumb/v7e-m/nofp/libg.a(libc_a-atexit.o)
                0x080015d4                atexit
 .text.__libc_fini_array
                0x080015e0       0x28 /Applications/ArmGNUToolchain/14.2.rel1/arm-none-eabi/bin/../lib/gcc/arm-none-eabi/14.2.1/../../../../arm-none-eabi/lib/thumb/v7e-m/nofp/libg.a(libc_a-fini.o)
                0x080015e0                __libc_fini_array
 .text.__register_exitproc
                0x08001608       0x80 /Applications/ArmGNUToolchain/14.2.rel1/arm-none-eabi/bin/../lib/gcc/arm-none-eabi/14.2.1/../../../../arm-none-eabi/lib/thumb/v7e-m/nofp/libg.a(libc_a-__atexit.o)
                0x08001608                __register_exitproc
 *(.glue_7)
 .glue_7        0x08001688        0x0 linker stubs
 *(.glue_7t)
 .glue_7t       0x08001688        0x0 linker stubs
 *(.eh_frame)
 .eh_frame      0x08001688        0x0 /Applications/ArmGNUToolchain/14.2.rel1/arm-none-eabi/bin/../lib/gcc/arm-none-eabi/14.2.1/thumb/v7e-m/nofp/crtbegin.o
 *(.init)
 .init          0x08001688        0x4 /Applications/ArmGNUToolchain/14.2.rel1/arm-none-eabi/bin/../lib/gcc/arm-none-eabi/14.2.1/thumb/v7e-m/nofp/crti.o
                0x08001688                _init
 .init          0x0800168c        0x8 /Applications/ArmGNUToolchain/14.2.rel1/arm-none-eabi/bin/../lib/gcc/arm-none-eabi/14.2.1/thumb/v7e-m/nofp/crtn.o
 *(.fini)
 .fini          0x08001694        0x4 /Applications/ArmGNUToolchain/14.2.rel1/arm-none-eabi/bin/../lib/gcc/arm-none-eabi/14.2.1/thumb/v7e-m/nofp/crti.o
                0x08001694                _fini
 .fini          0x08001698        0x8 /Applications/ArmGNUToolchain/14.2.rel1/arm-none-eabi/bin/../lib/gcc/arm-none-eabi/14.2.1/thumb/v7e-m/nofp/crtn.o
                0x080016a0                        . = ALIGN (0x4)
                0x080016a0                        _etext = .

.vfp11_veneer   0x080016a0        0x0
 .vfp11_veneer  0x080016a0        0x0 linker stubs

.v4_bx          0x080016a0        0x0
 .v4_bx         0x080016a0        0x0 linker stubs

.iplt           0x080016a0        0x0
 .iplt          0x080016a0        0x0 /Applications/ArmGNUToolchain/14.2.rel1/arm-none-eabi/bin/../lib/gcc/arm-none-eabi/14.2.1/thumb/v7e-m/nofp/crtbegin.o

.rodata         0x080016a0       0x40
                0x080016a0                        . = ALIGN (0x4)
 *(.rodata)
 *(.rodata*)
 .rodata.MSIRangeTable
                0x080016a0       0x30 CMakeFiles/ride-height-test.elf.dir/Core/Src/system_stm32l4xx.c.obj
                0x080016a0                MSIRangeTable
 .rodata.AHBPrescTable
                0x080016d0       0x10 CMakeFiles/ride-height-test.elf.dir/Core/Src/system_stm32l4xx.c.obj
                0x080016d0                AHBPrescTable
                0x080016e0                        . = ALIGN (0x4)

.ARM.extab      0x080016e0        0x0
                0x080016e0                        . = ALIGN (0x4)
 *(.ARM.extab* .gnu.linkonce.armextab.*)
                0x080016e0                        . = ALIGN (0x4)

.ARM            0x080016e0        0x0
                0x080016e0                        . = ALIGN (0x4)
                0x080016e0                        __exidx_start = .
 *(.ARM.exidx*)
                0x080016e0                        __exidx_end = .
                0x080016e0                        . = ALIGN (0x4)

.preinit_array  0x080016e0        0x0
                0x080016e0                        . = ALIGN (0x4)
                0x080016e0                        PROVIDE (__preinit_array_start = .)
 *(.preinit_array*)
                0x080016e0                        PROVIDE (__preinit_array_end = .)
                0x080016e0                        . = ALIGN (0x4)

.init_array     0x080016e0        0x8
                0x080016e0                        . = ALIGN (0x4)
                0x080016e0                        PROVIDE (__init_array_start = .)
 *(SORT_BY_NAME(.init_array.*))
 .init_array.00000
                0x080016e0        0x4 /Applications/ArmGNUToolchain/14.2.rel1/arm-none-eabi/bin/../lib/gcc/arm-none-eabi/14.2.1/../../../../arm-none-eabi/lib/thumb/v7e-m/nofp/libg.a(libc_a-__call_atexit.o)
 *(.init_array*)
 .init_array    0x080016e4        0x4 /Applications/ArmGNUToolchain/14.2.rel1/arm-none-eabi/bin/../lib/gcc/arm-none-eabi/14.2.1/thumb/v7e-m/nofp/crtbegin.o
                0x080016e8                        PROVIDE (__init_array_end = .)
                0x080016e8                        . = ALIGN (0x4)

.fini_array     0x080016e8        0x4
                0x080016e8                        . = ALIGN (0x4)
                0x080016e8                        PROVIDE (__fini_array_start = .)
 *(SORT_BY_NAME(.fini_array.*))
 *(.fini_array*)
 .fini_array    0x080016e8        0x4 /Applications/ArmGNUToolchain/14.2.rel1/arm-none-eabi/bin/../lib/gcc/arm-none-eabi/14.2.1/thumb/v7e-m/nofp/crtbegin.o
                0x080016ec                        PROVIDE (__fini_array_end = .)
                0x080016ec                        . = ALIGN (0x4)
                0x080016ec                        _sidata = LOADADDR (.data)

.rel.dyn        0x080016ec        0x0
 .rel.iplt      0x080016ec        0x0 /Applications/ArmGNUToolchain/14.2.rel1/arm-none-eabi/bin/../lib/gcc/arm-none-eabi/14.2.1/thumb/v7e-m/nofp/crtbegin.o

.data           0x20000000       0x10 load address 0x080016ec
                0x20000000                        . = ALIGN (0x4)
                0x20000000                        _sdata = .
 *(.data)
 *(.data*)
 .data.SystemCoreClock
                0x20000000        0x4 CMakeFiles/ride-height-test.elf.dir/Core/Src/system_stm32l4xx.c.obj
                0x20000000                SystemCoreClock
 .data.uwTickFreq
                0x20000004        0x1 CMakeFiles/ride-height-test.elf.dir/Drivers/STM32L4xx_HAL_Driver/Src/stm32l4xx_hal.c.obj
                0x20000004                uwTickFreq
 *fill*         0x20000005        0x3 
 .data.uwTickPrio
                0x20000008        0x4 CMakeFiles/ride-height-test.elf.dir/Drivers/STM32L4xx_HAL_Driver/Src/stm32l4xx_hal.c.obj
                0x20000008                uwTickPrio
 .data.__atexit_recursive_mutex
                0x2000000c        0x4 /Applications/ArmGNUToolchain/14.2.rel1/arm-none-eabi/bin/../lib/gcc/arm-none-eabi/14.2.1/../../../../arm-none-eabi/lib/thumb/v7e-m/nofp/libg.a(libc_a-__call_atexit.o)
                0x2000000c                __atexit_recursive_mutex
 *(.RamFunc)
 *(.RamFunc*)
                0x20000010                        . = ALIGN (0x4)
                0x20000010                        _edata = .

.tm_clone_table
                0x20000010        0x0 load address 0x080016fc
 .tm_clone_table
                0x20000010        0x0 /Applications/ArmGNUToolchain/14.2.rel1/arm-none-eabi/bin/../lib/gcc/arm-none-eabi/14.2.1/thumb/v7e-m/nofp/crtbegin.o
 .tm_clone_table
                0x20000010        0x0 /Applications/ArmGNUToolchain/14.2.rel1/arm-none-eabi/bin/../lib/gcc/arm-none-eabi/14.2.1/thumb/v7e-m/nofp/crtend.o

.igot.plt       0x20000010        0x0 load address 0x080016fc
 .igot.plt      0x20000010        0x0 /Applications/ArmGNUToolchain/14.2.rel1/arm-none-eabi/bin/../lib/gcc/arm-none-eabi/14.2.1/thumb/v7e-m/nofp/crtbegin.o
                0x20000010                        . = ALIGN (0x4)

.bss            0x20000010      0x21c load address 0x080016fc
                0x20000010                        _sbss = .
                0x20000010                        __bss_start__ = _sbss
 *(.bss)
 *(.bss*)
 .bss.completed.1
                0x20000010        0x1 /Applications/ArmGNUToolchain/14.2.rel1/arm-none-eabi/bin/../lib/gcc/arm-none-eabi/14.2.1/thumb/v7e-m/nofp/crtbegin.o
 *fill*         0x20000011        0x3 
 .bss.object.0  0x20000014       0x18 /Applications/ArmGNUToolchain/14.2.rel1/arm-none-eabi/bin/../lib/gcc/arm-none-eabi/14.2.1/thumb/v7e-m/nofp/crtbegin.o
 .bss.hspi2     0x2000002c       0x64 CMakeFiles/ride-height-test.elf.dir/Core/Src/spi.c.obj
                0x2000002c                hspi2
 .bss.uwTick    0x20000090        0x4 CMakeFiles/ride-height-test.elf.dir/Drivers/STM32L4xx_HAL_Driver/Src/stm32l4xx_hal.c.obj
                0x20000090                uwTick
 .bss.__lock___atexit_recursive_mutex
                0x20000094        0x1 /Applications/ArmGNUToolchain/14.2.rel1/arm-none-eabi/bin/../lib/gcc/arm-none-eabi/14.2.1/../../../../arm-none-eabi/lib/thumb/v7e-m/nofp/libg.a(libc_a-lock.o)
                0x20000094                __lock___atexit_recursive_mutex
 *fill*         0x20000095        0x3 
 .bss.__atexit  0x20000098        0x4 /Applications/ArmGNUToolchain/14.2.rel1/arm-none-eabi/bin/../lib/gcc/arm-none-eabi/14.2.1/../../../../arm-none-eabi/lib/thumb/v7e-m/nofp/libg.a(libc_a-__call_atexit.o)
                0x20000098                __atexit
 .bss.__atexit0
                0x2000009c      0x190 /Applications/ArmGNUToolchain/14.2.rel1/arm-none-eabi/bin/../lib/gcc/arm-none-eabi/14.2.1/../../../../arm-none-eabi/lib/thumb/v7e-m/nofp/libg.a(libc_a-__atexit.o)
                0x2000009c                __atexit0
 *(COMMON)
                0x2000022c                        . = ALIGN (0x4)
                0x2000022c                        _ebss = .
                0x2000022c                        __bss_end__ = _ebss

._user_heap_stack
                0x2000022c      0x604 load address 0x080016fc
                0x20000230                        . = ALIGN (0x8)
 *fill*         0x2000022c        0x4 
                [!provide]                        PROVIDE (end = .)
                0x20000230                        PROVIDE (_end = .)
                0x20000430                        . = (. + _Min_Heap_Size)
 *fill*         0x20000230      0x200 
                0x20000830                        . = (. + _Min_Stack_Size)
 *fill*         0x20000430      0x400 
                0x20000830                        . = ALIGN (0x8)

/DISCARD/
 libc.a(*)
 libm.a(*)
 libgcc.a(*)

.ARM.attributes
                0x00000000       0x2a
 *(.ARM.attributes)
 .ARM.attributes
                0x00000000       0x1e /Applications/ArmGNUToolchain/14.2.rel1/arm-none-eabi/bin/../lib/gcc/arm-none-eabi/14.2.1/thumb/v7e-m/nofp/crti.o
 .ARM.attributes
                0x0000001e       0x2e /Applications/ArmGNUToolchain/14.2.rel1/arm-none-eabi/bin/../lib/gcc/arm-none-eabi/14.2.1/thumb/v7e-m/nofp/crtbegin.o
 .ARM.attributes
                0x0000004c       0x2e CMakeFiles/ride-height-test.elf.dir/Core/Src/gpio.c.obj
 .ARM.attributes
                0x0000007a       0x2e CMakeFiles/ride-height-test.elf.dir/Core/Src/main.c.obj
 .ARM.attributes
                0x000000a8       0x2e CMakeFiles/ride-height-test.elf.dir/Core/Src/spi.c.obj
 .ARM.attributes
                0x000000d6       0x2e CMakeFiles/ride-height-test.elf.dir/Core/Src/stm32l4xx_hal_msp.c.obj
 .ARM.attributes
                0x00000104       0x2e CMakeFiles/ride-height-test.elf.dir/Core/Src/stm32l4xx_it.c.obj
 .ARM.attributes
                0x00000132       0x2e CMakeFiles/ride-height-test.elf.dir/Core/Src/system_stm32l4xx.c.obj
 .ARM.attributes
                0x00000160       0x21 CMakeFiles/ride-height-test.elf.dir/Core/Startup/startup_stm32l496rgtx.s.obj
 .ARM.attributes
                0x00000181       0x2e CMakeFiles/ride-height-test.elf.dir/Drivers/STM32L4xx_HAL_Driver/Src/stm32l4xx_hal.c.obj
 .ARM.attributes
                0x000001af       0x2e CMakeFiles/ride-height-test.elf.dir/Drivers/STM32L4xx_HAL_Driver/Src/stm32l4xx_hal_cortex.c.obj
 .ARM.attributes
                0x000001dd       0x2e CMakeFiles/ride-height-test.elf.dir/Drivers/STM32L4xx_HAL_Driver/Src/stm32l4xx_hal_dma.c.obj
 .ARM.attributes
                0x0000020b       0x2e CMakeFiles/ride-height-test.elf.dir/Drivers/STM32L4xx_HAL_Driver/Src/stm32l4xx_hal_gpio.c.obj
 .ARM.attributes
                0x00000239       0x2e CMakeFiles/ride-height-test.elf.dir/Drivers/STM32L4xx_HAL_Driver/Src/stm32l4xx_hal_pwr_ex.c.obj
 .ARM.attributes
                0x00000267       0x2e CMakeFiles/ride-height-test.elf.dir/Drivers/STM32L4xx_HAL_Driver/Src/stm32l4xx_hal_rcc.c.obj
 .ARM.attributes
                0x00000295       0x2e CMakeFiles/ride-height-test.elf.dir/Drivers/STM32L4xx_HAL_Driver/Src/stm32l4xx_hal_spi.c.obj
 .ARM.attributes
                0x000002c3       0x2e /Applications/ArmGNUToolchain/14.2.rel1/arm-none-eabi/bin/../lib/gcc/arm-none-eabi/14.2.1/../../../../arm-none-eabi/lib/thumb/v7e-m/nofp/libg.a(libc_a-memset.o)
 .ARM.attributes
                0x000002f1       0x2e /Applications/ArmGNUToolchain/14.2.rel1/arm-none-eabi/bin/../lib/gcc/arm-none-eabi/14.2.1/../../../../arm-none-eabi/lib/thumb/v7e-m/nofp/libg.a(libc_a-init.o)
 .ARM.attributes
                0x0000031f       0x2e /Applications/ArmGNUToolchain/14.2.rel1/arm-none-eabi/bin/../lib/gcc/arm-none-eabi/14.2.1/../../../../arm-none-eabi/lib/thumb/v7e-m/nofp/libg.a(libc_a-lock.o)
 .ARM.attributes
                0x0000034d       0x2e /Applications/ArmGNUToolchain/14.2.rel1/arm-none-eabi/bin/../lib/gcc/arm-none-eabi/14.2.1/../../../../arm-none-eabi/lib/thumb/v7e-m/nofp/libg.a(libc_a-__call_atexit.o)
 .ARM.attributes
                0x0000037b       0x2e /Applications/ArmGNUToolchain/14.2.rel1/arm-none-eabi/bin/../lib/gcc/arm-none-eabi/14.2.1/../../../../arm-none-eabi/lib/thumb/v7e-m/nofp/libg.a(libc_a-atexit.o)
 .ARM.attributes
                0x000003a9       0x2e /Applications/ArmGNUToolchain/14.2.rel1/arm-none-eabi/bin/../lib/gcc/arm-none-eabi/14.2.1/../../../../arm-none-eabi/lib/thumb/v7e-m/nofp/libg.a(libc_a-fini.o)
 .ARM.attributes
                0x000003d7       0x2e /Applications/ArmGNUToolchain/14.2.rel1/arm-none-eabi/bin/../lib/gcc/arm-none-eabi/14.2.1/../../../../arm-none-eabi/lib/thumb/v7e-m/nofp/libg.a(libc_a-__atexit.o)
 .ARM.attributes
                0x00000405       0x2e /Applications/ArmGNUToolchain/14.2.rel1/arm-none-eabi/bin/../lib/gcc/arm-none-eabi/14.2.1/thumb/v7e-m/nofp/crtend.o
 .ARM.attributes
                0x00000433       0x1e /Applications/ArmGNUToolchain/14.2.rel1/arm-none-eabi/bin/../lib/gcc/arm-none-eabi/14.2.1/thumb/v7e-m/nofp/crtn.o
OUTPUT(ride-height-test.elf elf32-littlearm)
LOAD linker stubs
LOAD /Applications/ArmGNUToolchain/14.2.rel1/arm-none-eabi/bin/../lib/gcc/arm-none-eabi/14.2.1/../../../../arm-none-eabi/lib/thumb/v7e-m/nofp/libc.a
LOAD /Applications/ArmGNUToolchain/14.2.rel1/arm-none-eabi/bin/../lib/gcc/arm-none-eabi/14.2.1/../../../../arm-none-eabi/lib/thumb/v7e-m/nofp/libm.a
LOAD /Applications/ArmGNUToolchain/14.2.rel1/arm-none-eabi/bin/../lib/gcc/arm-none-eabi/14.2.1/thumb/v7e-m/nofp/libgcc.a

.debug_info     0x00000000     0x8726
 .debug_info    0x00000000      0x49a CMakeFiles/ride-height-test.elf.dir/Core/Src/gpio.c.obj
 .debug_info    0x0000049a      0x392 CMakeFiles/ride-height-test.elf.dir/Core/Src/main.c.obj
 .debug_info    0x0000082c      0xd59 CMakeFiles/ride-height-test.elf.dir/Core/Src/spi.c.obj
 .debug_info    0x00001585      0x2cd CMakeFiles/ride-height-test.elf.dir/Core/Src/stm32l4xx_hal_msp.c.obj
 .debug_info    0x00001852      0x651 CMakeFiles/ride-height-test.elf.dir/Core/Src/stm32l4xx_it.c.obj
 .debug_info    0x00001ea3      0x3e0 CMakeFiles/ride-height-test.elf.dir/Core/Src/system_stm32l4xx.c.obj
 .debug_info    0x00002283       0x30 CMakeFiles/ride-height-test.elf.dir/Core/Startup/startup_stm32l496rgtx.s.obj
 .debug_info    0x000022b3      0xc06 CMakeFiles/ride-height-test.elf.dir/Drivers/STM32L4xx_HAL_Driver/Src/stm32l4xx_hal.c.obj
 .debug_info    0x00002eb9     0x1020 CMakeFiles/ride-height-test.elf.dir/Drivers/STM32L4xx_HAL_Driver/Src/stm32l4xx_hal_cortex.c.obj
 .debug_info    0x00003ed9      0x814 CMakeFiles/ride-height-test.elf.dir/Drivers/STM32L4xx_HAL_Driver/Src/stm32l4xx_hal_dma.c.obj
 .debug_info    0x000046ed      0x7a1 CMakeFiles/ride-height-test.elf.dir/Drivers/STM32L4xx_HAL_Driver/Src/stm32l4xx_hal_gpio.c.obj
 .debug_info    0x00004e8e      0xa44 CMakeFiles/ride-height-test.elf.dir/Drivers/STM32L4xx_HAL_Driver/Src/stm32l4xx_hal_pwr_ex.c.obj
 .debug_info    0x000058d2      0xed0 CMakeFiles/ride-height-test.elf.dir/Drivers/STM32L4xx_HAL_Driver/Src/stm32l4xx_hal_rcc.c.obj
 .debug_info    0x000067a2     0x1f84 CMakeFiles/ride-height-test.elf.dir/Drivers/STM32L4xx_HAL_Driver/Src/stm32l4xx_hal_spi.c.obj

.debug_abbrev   0x00000000     0x19d8
 .debug_abbrev  0x00000000      0x164 CMakeFiles/ride-height-test.elf.dir/Core/Src/gpio.c.obj
 .debug_abbrev  0x00000164      0x17e CMakeFiles/ride-height-test.elf.dir/Core/Src/main.c.obj
 .debug_abbrev  0x000002e2      0x21e CMakeFiles/ride-height-test.elf.dir/Core/Src/spi.c.obj
 .debug_abbrev  0x00000500       0xc4 CMakeFiles/ride-height-test.elf.dir/Core/Src/stm32l4xx_hal_msp.c.obj
 .debug_abbrev  0x000005c4      0x190 CMakeFiles/ride-height-test.elf.dir/Core/Src/stm32l4xx_it.c.obj
 .debug_abbrev  0x00000754      0x120 CMakeFiles/ride-height-test.elf.dir/Core/Src/system_stm32l4xx.c.obj
 .debug_abbrev  0x00000874       0x24 CMakeFiles/ride-height-test.elf.dir/Core/Startup/startup_stm32l496rgtx.s.obj
 .debug_abbrev  0x00000898      0x267 CMakeFiles/ride-height-test.elf.dir/Drivers/STM32L4xx_HAL_Driver/Src/stm32l4xx_hal.c.obj
 .debug_abbrev  0x00000aff      0x390 CMakeFiles/ride-height-test.elf.dir/Drivers/STM32L4xx_HAL_Driver/Src/stm32l4xx_hal_cortex.c.obj
 .debug_abbrev  0x00000e8f      0x21d CMakeFiles/ride-height-test.elf.dir/Drivers/STM32L4xx_HAL_Driver/Src/stm32l4xx_hal_dma.c.obj
 .debug_abbrev  0x000010ac      0x1f9 CMakeFiles/ride-height-test.elf.dir/Drivers/STM32L4xx_HAL_Driver/Src/stm32l4xx_hal_gpio.c.obj
 .debug_abbrev  0x000012a5      0x215 CMakeFiles/ride-height-test.elf.dir/Drivers/STM32L4xx_HAL_Driver/Src/stm32l4xx_hal_pwr_ex.c.obj
 .debug_abbrev  0x000014ba      0x2ab CMakeFiles/ride-height-test.elf.dir/Drivers/STM32L4xx_HAL_Driver/Src/stm32l4xx_hal_rcc.c.obj
 .debug_abbrev  0x00001765      0x273 CMakeFiles/ride-height-test.elf.dir/Drivers/STM32L4xx_HAL_Driver/Src/stm32l4xx_hal_spi.c.obj

.debug_aranges  0x00000000      0x808
 .debug_aranges
                0x00000000       0x20 CMakeFiles/ride-height-test.elf.dir/Core/Src/gpio.c.obj
 .debug_aranges
                0x00000020       0x30 CMakeFiles/ride-height-test.elf.dir/Core/Src/main.c.obj
 .debug_aranges
                0x00000050       0x30 CMakeFiles/ride-height-test.elf.dir/Core/Src/spi.c.obj
 .debug_aranges
                0x00000080       0x20 CMakeFiles/ride-height-test.elf.dir/Core/Src/stm32l4xx_hal_msp.c.obj
 .debug_aranges
                0x000000a0       0x68 CMakeFiles/ride-height-test.elf.dir/Core/Src/stm32l4xx_it.c.obj
 .debug_aranges
                0x00000108       0x28 CMakeFiles/ride-height-test.elf.dir/Core/Src/system_stm32l4xx.c.obj
 .debug_aranges
                0x00000130       0x28 CMakeFiles/ride-height-test.elf.dir/Core/Startup/startup_stm32l496rgtx.s.obj
 .debug_aranges
                0x00000158      0x130 CMakeFiles/ride-height-test.elf.dir/Drivers/STM32L4xx_HAL_Driver/Src/stm32l4xx_hal.c.obj
 .debug_aranges
                0x00000288       0xf0 CMakeFiles/ride-height-test.elf.dir/Drivers/STM32L4xx_HAL_Driver/Src/stm32l4xx_hal_cortex.c.obj
 .debug_aranges
                0x00000378       0x80 CMakeFiles/ride-height-test.elf.dir/Drivers/STM32L4xx_HAL_Driver/Src/stm32l4xx_hal_dma.c.obj
 .debug_aranges
                0x000003f8       0x58 CMakeFiles/ride-height-test.elf.dir/Drivers/STM32L4xx_HAL_Driver/Src/stm32l4xx_hal_gpio.c.obj
 .debug_aranges
                0x00000450      0x150 CMakeFiles/ride-height-test.elf.dir/Drivers/STM32L4xx_HAL_Driver/Src/stm32l4xx_hal_pwr_ex.c.obj
 .debug_aranges
                0x000005a0       0x90 CMakeFiles/ride-height-test.elf.dir/Drivers/STM32L4xx_HAL_Driver/Src/stm32l4xx_hal_rcc.c.obj
 .debug_aranges
                0x00000630      0x1d8 CMakeFiles/ride-height-test.elf.dir/Drivers/STM32L4xx_HAL_Driver/Src/stm32l4xx_hal_spi.c.obj

.debug_rnglists
                0x00000000      0x5f7
 .debug_rnglists
                0x00000000       0x13 CMakeFiles/ride-height-test.elf.dir/Core/Src/gpio.c.obj
 .debug_rnglists
                0x00000013       0x1f CMakeFiles/ride-height-test.elf.dir/Core/Src/main.c.obj
 .debug_rnglists
                0x00000032       0x20 CMakeFiles/ride-height-test.elf.dir/Core/Src/spi.c.obj
 .debug_rnglists
                0x00000052       0x13 CMakeFiles/ride-height-test.elf.dir/Core/Src/stm32l4xx_hal_msp.c.obj
 .debug_rnglists
                0x00000065       0x49 CMakeFiles/ride-height-test.elf.dir/Core/Src/stm32l4xx_it.c.obj
 .debug_rnglists
                0x000000ae       0x1a CMakeFiles/ride-height-test.elf.dir/Core/Src/system_stm32l4xx.c.obj
 .debug_rnglists
                0x000000c8       0x19 CMakeFiles/ride-height-test.elf.dir/Core/Startup/startup_stm32l496rgtx.s.obj
 .debug_rnglists
                0x000000e1       0xdf CMakeFiles/ride-height-test.elf.dir/Drivers/STM32L4xx_HAL_Driver/Src/stm32l4xx_hal.c.obj
 .debug_rnglists
                0x000001c0       0xaf CMakeFiles/ride-height-test.elf.dir/Drivers/STM32L4xx_HAL_Driver/Src/stm32l4xx_hal_cortex.c.obj
 .debug_rnglists
                0x0000026f       0x5f CMakeFiles/ride-height-test.elf.dir/Drivers/STM32L4xx_HAL_Driver/Src/stm32l4xx_hal_dma.c.obj
 .debug_rnglists
                0x000002ce       0x3f CMakeFiles/ride-height-test.elf.dir/Drivers/STM32L4xx_HAL_Driver/Src/stm32l4xx_hal_gpio.c.obj
 .debug_rnglists
                0x0000030d       0xfd CMakeFiles/ride-height-test.elf.dir/Drivers/STM32L4xx_HAL_Driver/Src/stm32l4xx_hal_pwr_ex.c.obj
 .debug_rnglists
                0x0000040a       0x7c CMakeFiles/ride-height-test.elf.dir/Drivers/STM32L4xx_HAL_Driver/Src/stm32l4xx_hal_rcc.c.obj
 .debug_rnglists
                0x00000486      0x171 CMakeFiles/ride-height-test.elf.dir/Drivers/STM32L4xx_HAL_Driver/Src/stm32l4xx_hal_spi.c.obj

.debug_line     0x00000000     0x7bd8
 .debug_line    0x00000000      0x26a CMakeFiles/ride-height-test.elf.dir/Core/Src/gpio.c.obj
 .debug_line    0x0000026a      0x3bc CMakeFiles/ride-height-test.elf.dir/Core/Src/main.c.obj
 .debug_line    0x00000626      0x45d CMakeFiles/ride-height-test.elf.dir/Core/Src/spi.c.obj
 .debug_line    0x00000a83      0x1d5 CMakeFiles/ride-height-test.elf.dir/Core/Src/stm32l4xx_hal_msp.c.obj
 .debug_line    0x00000c58      0x349 CMakeFiles/ride-height-test.elf.dir/Core/Src/stm32l4xx_it.c.obj
 .debug_line    0x00000fa1      0x2df CMakeFiles/ride-height-test.elf.dir/Core/Src/system_stm32l4xx.c.obj
 .debug_line    0x00001280       0x7a CMakeFiles/ride-height-test.elf.dir/Core/Startup/startup_stm32l496rgtx.s.obj
 .debug_line    0x000012fa      0x792 CMakeFiles/ride-height-test.elf.dir/Drivers/STM32L4xx_HAL_Driver/Src/stm32l4xx_hal.c.obj
 .debug_line    0x00001a8c      0x8f1 CMakeFiles/ride-height-test.elf.dir/Drivers/STM32L4xx_HAL_Driver/Src/stm32l4xx_hal_cortex.c.obj
 .debug_line    0x0000237d      0xac2 CMakeFiles/ride-height-test.elf.dir/Drivers/STM32L4xx_HAL_Driver/Src/stm32l4xx_hal_dma.c.obj
 .debug_line    0x00002e3f      0x78a CMakeFiles/ride-height-test.elf.dir/Drivers/STM32L4xx_HAL_Driver/Src/stm32l4xx_hal_gpio.c.obj
 .debug_line    0x000035c9      0xb98 CMakeFiles/ride-height-test.elf.dir/Drivers/STM32L4xx_HAL_Driver/Src/stm32l4xx_hal_pwr_ex.c.obj
 .debug_line    0x00004161     0x10e1 CMakeFiles/ride-height-test.elf.dir/Drivers/STM32L4xx_HAL_Driver/Src/stm32l4xx_hal_rcc.c.obj
 .debug_line    0x00005242     0x2996 CMakeFiles/ride-height-test.elf.dir/Drivers/STM32L4xx_HAL_Driver/Src/stm32l4xx_hal_spi.c.obj

.debug_str      0x00000000     0x2dd4
 .debug_str     0x00000000     0x2dd4 CMakeFiles/ride-height-test.elf.dir/Core/Src/gpio.c.obj
                                0x42a (size before relaxing)
 .debug_str     0x00002dd4      0x42b CMakeFiles/ride-height-test.elf.dir/Core/Src/main.c.obj
 .debug_str     0x00002dd4      0xded CMakeFiles/ride-height-test.elf.dir/Core/Src/spi.c.obj
 .debug_str     0x00002dd4      0x36b CMakeFiles/ride-height-test.elf.dir/Core/Src/stm32l4xx_hal_msp.c.obj
 .debug_str     0x00002dd4      0x6b0 CMakeFiles/ride-height-test.elf.dir/Core/Src/stm32l4xx_it.c.obj
 .debug_str     0x00002dd4      0x3e8 CMakeFiles/ride-height-test.elf.dir/Core/Src/system_stm32l4xx.c.obj
 .debug_str     0x00002dd4       0xc7 CMakeFiles/ride-height-test.elf.dir/Core/Startup/startup_stm32l496rgtx.s.obj
 .debug_str     0x00002dd4      0xdd0 CMakeFiles/ride-height-test.elf.dir/Drivers/STM32L4xx_HAL_Driver/Src/stm32l4xx_hal.c.obj
 .debug_str     0x00002dd4      0xd17 CMakeFiles/ride-height-test.elf.dir/Drivers/STM32L4xx_HAL_Driver/Src/stm32l4xx_hal_cortex.c.obj
 .debug_str     0x00002dd4      0x699 CMakeFiles/ride-height-test.elf.dir/Drivers/STM32L4xx_HAL_Driver/Src/stm32l4xx_hal_dma.c.obj
 .debug_str     0x00002dd4      0x5a4 CMakeFiles/ride-height-test.elf.dir/Drivers/STM32L4xx_HAL_Driver/Src/stm32l4xx_hal_gpio.c.obj
 .debug_str     0x00002dd4      0x876 CMakeFiles/ride-height-test.elf.dir/Drivers/STM32L4xx_HAL_Driver/Src/stm32l4xx_hal_pwr_ex.c.obj
 .debug_str     0x00002dd4      0x906 CMakeFiles/ride-height-test.elf.dir/Drivers/STM32L4xx_HAL_Driver/Src/stm32l4xx_hal_rcc.c.obj
 .debug_str     0x00002dd4      0xc31 CMakeFiles/ride-height-test.elf.dir/Drivers/STM32L4xx_HAL_Driver/Src/stm32l4xx_hal_spi.c.obj

.comment        0x00000000       0x45
 .comment       0x00000000       0x45 CMakeFiles/ride-height-test.elf.dir/Core/Src/gpio.c.obj
                                 0x46 (size before relaxing)
 .comment       0x00000045       0x46 CMakeFiles/ride-height-test.elf.dir/Core/Src/main.c.obj
 .comment       0x00000045       0x46 CMakeFiles/ride-height-test.elf.dir/Core/Src/spi.c.obj
 .comment       0x00000045       0x46 CMakeFiles/ride-height-test.elf.dir/Core/Src/stm32l4xx_hal_msp.c.obj
 .comment       0x00000045       0x46 CMakeFiles/ride-height-test.elf.dir/Core/Src/stm32l4xx_it.c.obj
 .comment       0x00000045       0x46 CMakeFiles/ride-height-test.elf.dir/Core/Src/system_stm32l4xx.c.obj
 .comment       0x00000045       0x46 CMakeFiles/ride-height-test.elf.dir/Drivers/STM32L4xx_HAL_Driver/Src/stm32l4xx_hal.c.obj
 .comment       0x00000045       0x46 CMakeFiles/ride-height-test.elf.dir/Drivers/STM32L4xx_HAL_Driver/Src/stm32l4xx_hal_cortex.c.obj
 .comment       0x00000045       0x46 CMakeFiles/ride-height-test.elf.dir/Drivers/STM32L4xx_HAL_Driver/Src/stm32l4xx_hal_dma.c.obj
 .comment       0x00000045       0x46 CMakeFiles/ride-height-test.elf.dir/Drivers/STM32L4xx_HAL_Driver/Src/stm32l4xx_hal_gpio.c.obj
 .comment       0x00000045       0x46 CMakeFiles/ride-height-test.elf.dir/Drivers/STM32L4xx_HAL_Driver/Src/stm32l4xx_hal_pwr_ex.c.obj
 .comment       0x00000045       0x46 CMakeFiles/ride-height-test.elf.dir/Drivers/STM32L4xx_HAL_Driver/Src/stm32l4xx_hal_rcc.c.obj
 .comment       0x00000045       0x46 CMakeFiles/ride-height-test.elf.dir/Drivers/STM32L4xx_HAL_Driver/Src/stm32l4xx_hal_spi.c.obj

.debug_frame    0x00000000     0x14a8
 .debug_frame   0x00000000       0x34 CMakeFiles/ride-height-test.elf.dir/Core/Src/gpio.c.obj
 .debug_frame   0x00000034       0x58 CMakeFiles/ride-height-test.elf.dir/Core/Src/main.c.obj
 .debug_frame   0x0000008c       0x6c CMakeFiles/ride-height-test.elf.dir/Core/Src/spi.c.obj
 .debug_frame   0x000000f8       0x28 CMakeFiles/ride-height-test.elf.dir/Core/Src/stm32l4xx_hal_msp.c.obj
 .debug_frame   0x00000120       0xc0 CMakeFiles/ride-height-test.elf.dir/Core/Src/stm32l4xx_it.c.obj
 .debug_frame   0x000001e0       0x30 CMakeFiles/ride-height-test.elf.dir/Core/Src/system_stm32l4xx.c.obj
 .debug_frame   0x00000210      0x274 CMakeFiles/ride-height-test.elf.dir/Drivers/STM32L4xx_HAL_Driver/Src/stm32l4xx_hal.c.obj
 .debug_frame   0x00000484      0x204 CMakeFiles/ride-height-test.elf.dir/Drivers/STM32L4xx_HAL_Driver/Src/stm32l4xx_hal_cortex.c.obj
 .debug_frame   0x00000688      0x14c CMakeFiles/ride-height-test.elf.dir/Drivers/STM32L4xx_HAL_Driver/Src/stm32l4xx_hal_dma.c.obj
 .debug_frame   0x000007d4       0xd0 CMakeFiles/ride-height-test.elf.dir/Drivers/STM32L4xx_HAL_Driver/Src/stm32l4xx_hal_gpio.c.obj
 .debug_frame   0x000008a4      0x298 CMakeFiles/ride-height-test.elf.dir/Drivers/STM32L4xx_HAL_Driver/Src/stm32l4xx_hal_pwr_ex.c.obj
 .debug_frame   0x00000b3c      0x19c CMakeFiles/ride-height-test.elf.dir/Drivers/STM32L4xx_HAL_Driver/Src/stm32l4xx_hal_rcc.c.obj
 .debug_frame   0x00000cd8      0x5e4 CMakeFiles/ride-height-test.elf.dir/Drivers/STM32L4xx_HAL_Driver/Src/stm32l4xx_hal_spi.c.obj
 .debug_frame   0x000012bc       0x2c /Applications/ArmGNUToolchain/14.2.rel1/arm-none-eabi/bin/../lib/gcc/arm-none-eabi/14.2.1/../../../../arm-none-eabi/lib/thumb/v7e-m/nofp/libg.a(libc_a-memset.o)
 .debug_frame   0x000012e8       0x2c /Applications/ArmGNUToolchain/14.2.rel1/arm-none-eabi/bin/../lib/gcc/arm-none-eabi/14.2.1/../../../../arm-none-eabi/lib/thumb/v7e-m/nofp/libg.a(libc_a-init.o)
 .debug_frame   0x00001314       0xb0 /Applications/ArmGNUToolchain/14.2.rel1/arm-none-eabi/bin/../lib/gcc/arm-none-eabi/14.2.1/../../../../arm-none-eabi/lib/thumb/v7e-m/nofp/libg.a(libc_a-lock.o)
 .debug_frame   0x000013c4       0x5c /Applications/ArmGNUToolchain/14.2.rel1/arm-none-eabi/bin/../lib/gcc/arm-none-eabi/14.2.1/../../../../arm-none-eabi/lib/thumb/v7e-m/nofp/libg.a(libc_a-__call_atexit.o)
 .debug_frame   0x00001420       0x20 /Applications/ArmGNUToolchain/14.2.rel1/arm-none-eabi/bin/../lib/gcc/arm-none-eabi/14.2.1/../../../../arm-none-eabi/lib/thumb/v7e-m/nofp/libg.a(libc_a-atexit.o)
 .debug_frame   0x00001440       0x34 /Applications/ArmGNUToolchain/14.2.rel1/arm-none-eabi/bin/../lib/gcc/arm-none-eabi/14.2.1/../../../../arm-none-eabi/lib/thumb/v7e-m/nofp/libg.a(libc_a-fini.o)
 .debug_frame   0x00001474       0x34 /Applications/ArmGNUToolchain/14.2.rel1/arm-none-eabi/bin/../lib/gcc/arm-none-eabi/14.2.1/../../../../arm-none-eabi/lib/thumb/v7e-m/nofp/libg.a(libc_a-__atexit.o)

.debug_loclists
                0x00000000     0x3449
 .debug_loclists
                0x00000000       0x75 CMakeFiles/ride-height-test.elf.dir/Core/Src/spi.c.obj
 .debug_loclists
                0x00000075       0xae CMakeFiles/ride-height-test.elf.dir/Core/Src/system_stm32l4xx.c.obj
 .debug_loclists
                0x00000123      0x14d CMakeFiles/ride-height-test.elf.dir/Drivers/STM32L4xx_HAL_Driver/Src/stm32l4xx_hal.c.obj
 .debug_loclists
                0x00000270      0x54d CMakeFiles/ride-height-test.elf.dir/Drivers/STM32L4xx_HAL_Driver/Src/stm32l4xx_hal_cortex.c.obj
 .debug_loclists
                0x000007bd      0x59e CMakeFiles/ride-height-test.elf.dir/Drivers/STM32L4xx_HAL_Driver/Src/stm32l4xx_hal_dma.c.obj
 .debug_loclists
                0x00000d5b      0x291 CMakeFiles/ride-height-test.elf.dir/Drivers/STM32L4xx_HAL_Driver/Src/stm32l4xx_hal_gpio.c.obj
 .debug_loclists
                0x00000fec      0x7e9 CMakeFiles/ride-height-test.elf.dir/Drivers/STM32L4xx_HAL_Driver/Src/stm32l4xx_hal_pwr_ex.c.obj
 .debug_loclists
                0x000017d5      0x585 CMakeFiles/ride-height-test.elf.dir/Drivers/STM32L4xx_HAL_Driver/Src/stm32l4xx_hal_rcc.c.obj
 .debug_loclists
                0x00001d5a     0x16ef CMakeFiles/ride-height-test.elf.dir/Drivers/STM32L4xx_HAL_Driver/Src/stm32l4xx_hal_spi.c.obj

.debug_line_str
                0x00000000       0xab
 .debug_line_str
                0x00000000       0xab CMakeFiles/ride-height-test.elf.dir/Core/Startup/startup_stm32l496rgtx.s.obj
