Archive member included to satisfy reference by file (symbol)

/Applications/ArmGNUToolchain/14.2.rel1/arm-none-eabi/bin/../lib/gcc/arm-none-eabi/14.2.1/thumb/v7e-m/nofp/libgcc.a(_arm_mulsf3.o)
                              CMakeFiles/ride-height-test.elf.dir/Core/Inc/AFBR-S50/Test/argus_hal_test.c.obj (__aeabi_fmul)
/Applications/ArmGNUToolchain/14.2.rel1/arm-none-eabi/bin/../lib/gcc/arm-none-eabi/14.2.1/thumb/v7e-m/nofp/libgcc.a(_arm_addsubsf3.o)
                              CMakeFiles/ride-height-test.elf.dir/Core/Inc/AFBR-S50/Test/argus_hal_test.c.obj (__aeabi_fsub)
/Applications/ArmGNUToolchain/14.2.rel1/arm-none-eabi/bin/../lib/gcc/arm-none-eabi/14.2.1/thumb/v7e-m/nofp/libgcc.a(_arm_muldivsf3.o)
                              CMakeFiles/ride-height-test.elf.dir/Core/Inc/AFBR-S50/Test/argus_hal_test.c.obj (__aeabi_fdiv)
/Applications/ArmGNUToolchain/14.2.rel1/arm-none-eabi/bin/../lib/gcc/arm-none-eabi/14.2.1/thumb/v7e-m/nofp/libgcc.a(_arm_cmpsf2.o)
                              CMakeFiles/ride-height-test.elf.dir/Core/Inc/AFBR-S50/Test/argus_hal_test.c.obj (__aeabi_fcmplt)
/Applications/ArmGNUToolchain/14.2.rel1/arm-none-eabi/bin/../lib/gcc/arm-none-eabi/14.2.1/thumb/v7e-m/nofp/libgcc.a(_arm_fixsfsi.o)
                              CMakeFiles/ride-height-test.elf.dir/Core/Inc/AFBR-S50/Test/argus_hal_test.c.obj (__aeabi_f2iz)
/Applications/ArmGNUToolchain/14.2.rel1/arm-none-eabi/bin/../lib/gcc/arm-none-eabi/14.2.1/../../../../arm-none-eabi/lib/thumb/v7e-m/nofp/libg.a(libc_a-assert.o)
                              CMakeFiles/ride-height-test.elf.dir/Core/Inc/AFBR-S50/Include/platform/argus_irq.c.obj (__assert_func)
/Applications/ArmGNUToolchain/14.2.rel1/arm-none-eabi/bin/../lib/gcc/arm-none-eabi/14.2.1/../../../../arm-none-eabi/lib/thumb/v7e-m/nofp/libg.a(libc_a-exit.o)
                              /Applications/ArmGNUToolchain/14.2.rel1/arm-none-eabi/bin/../lib/gcc/arm-none-eabi/14.2.1/../../../../arm-none-eabi/lib/thumb/v7e-m/nofp/crt0.o (exit)
/Applications/ArmGNUToolchain/14.2.rel1/arm-none-eabi/bin/../lib/gcc/arm-none-eabi/14.2.1/../../../../arm-none-eabi/lib/thumb/v7e-m/nofp/libg.a(libc_a-fiprintf.o)
                              /Applications/ArmGNUToolchain/14.2.rel1/arm-none-eabi/bin/../lib/gcc/arm-none-eabi/14.2.1/../../../../arm-none-eabi/lib/thumb/v7e-m/nofp/libg.a(libc_a-assert.o) (fiprintf)
/Applications/ArmGNUToolchain/14.2.rel1/arm-none-eabi/bin/../lib/gcc/arm-none-eabi/14.2.1/../../../../arm-none-eabi/lib/thumb/v7e-m/nofp/libg.a(libc_a-vfiprintf.o)
                              /Applications/ArmGNUToolchain/14.2.rel1/arm-none-eabi/bin/../lib/gcc/arm-none-eabi/14.2.1/../../../../arm-none-eabi/lib/thumb/v7e-m/nofp/libg.a(libc_a-fiprintf.o) (_vfiprintf_r)
/Applications/ArmGNUToolchain/14.2.rel1/arm-none-eabi/bin/../lib/gcc/arm-none-eabi/14.2.1/../../../../arm-none-eabi/lib/thumb/v7e-m/nofp/libg.a(libc_a-printf.o)
                              CMakeFiles/ride-height-test.elf.dir/Core/Inc/AFBR-S50/Include/platform/argus_print.c.obj (printf)
/Applications/ArmGNUToolchain/14.2.rel1/arm-none-eabi/bin/../lib/gcc/arm-none-eabi/14.2.1/../../../../arm-none-eabi/lib/thumb/v7e-m/nofp/libg.a(libc_a-sprint_r.o)
                              /Applications/ArmGNUToolchain/14.2.rel1/arm-none-eabi/bin/../lib/gcc/arm-none-eabi/14.2.1/../../../../arm-none-eabi/lib/thumb/v7e-m/nofp/libg.a(libc_a-vfiprintf.o) (__sprint_r)
/Applications/ArmGNUToolchain/14.2.rel1/arm-none-eabi/bin/../lib/gcc/arm-none-eabi/14.2.1/../../../../arm-none-eabi/lib/thumb/v7e-m/nofp/libg.a(libc_a-fflush.o)
                              /Applications/ArmGNUToolchain/14.2.rel1/arm-none-eabi/bin/../lib/gcc/arm-none-eabi/14.2.1/../../../../arm-none-eabi/lib/thumb/v7e-m/nofp/libg.a(libc_a-vfiprintf.o) (_fflush_r)
/Applications/ArmGNUToolchain/14.2.rel1/arm-none-eabi/bin/../lib/gcc/arm-none-eabi/14.2.1/../../../../arm-none-eabi/lib/thumb/v7e-m/nofp/libg.a(libc_a-findfp.o)
                              /Applications/ArmGNUToolchain/14.2.rel1/arm-none-eabi/bin/../lib/gcc/arm-none-eabi/14.2.1/../../../../arm-none-eabi/lib/thumb/v7e-m/nofp/libg.a(libc_a-fflush.o) (__sglue)
/Applications/ArmGNUToolchain/14.2.rel1/arm-none-eabi/bin/../lib/gcc/arm-none-eabi/14.2.1/../../../../arm-none-eabi/lib/thumb/v7e-m/nofp/libg.a(libc_a-wsetup.o)
                              /Applications/ArmGNUToolchain/14.2.rel1/arm-none-eabi/bin/../lib/gcc/arm-none-eabi/14.2.1/../../../../arm-none-eabi/lib/thumb/v7e-m/nofp/libg.a(libc_a-vfiprintf.o) (__swsetup_r)
/Applications/ArmGNUToolchain/14.2.rel1/arm-none-eabi/bin/../lib/gcc/arm-none-eabi/14.2.1/../../../../arm-none-eabi/lib/thumb/v7e-m/nofp/libg.a(libc_a-memcmp.o)
                              CMakeFiles/ride-height-test.elf.dir/Core/Inc/AFBR-S50/Test/argus_hal_test.c.obj (memcmp)
/Applications/ArmGNUToolchain/14.2.rel1/arm-none-eabi/bin/../lib/gcc/arm-none-eabi/14.2.1/../../../../arm-none-eabi/lib/thumb/v7e-m/nofp/libg.a(libc_a-memset.o)
[...]
Memory Configuration

Name             Origin             Length             Attributes
RAM              0x20000000         0x00040000         xrw
RAM2             0x10000000         0x00010000         xrw
FLASH            0x08000000         0x00100000         xr
*default*        0x00000000         0xffffffff

Linker script and memory map

LOAD /Applications/ArmGNUToolchain/14.2.rel1/arm-none-eabi/bin/../lib/gcc/arm-none-eabi/14.2.1/thumb/v7e-m/nofp/crti.o
LOAD /Applications/ArmGNUToolchain/14.2.rel1/arm-none-eabi/bin/../lib/gcc/arm-none-eabi/14.2.1/thumb/v7e-m/nofp/crtbegin.o
LOAD /Applications/ArmGNUToolchain/14.2.rel1/arm-none-eabi/bin/../lib/gcc/arm-none-eabi/14.2.1/../../../../arm-none-eabi/lib/thumb/v7e-m/nofp/crt0.o
LOAD CMakeFiles/ride-height-test.elf.dir/Core/Inc/AFBR-S50/Include/platform/argus_irq.c.obj
LOAD CMakeFiles/ride-height-test.elf.dir/Core/Inc/AFBR-S50/Include/platform/argus_nvm.c.obj
LOAD CMakeFiles/ride-height-test.elf.dir/Core/Inc/AFBR-S50/Include/platform/argus_print.c.obj
LOAD CMakeFiles/ride-height-test.elf.dir/Core/Inc/AFBR-S50/Include/platform/argus_s2pi.c.obj
LOAD CMakeFiles/ride-height-test.elf.dir/Core/Inc/AFBR-S50/Include/platform/argus_timer.c.obj
LOAD CMakeFiles/ride-height-test.elf.dir/Core/Inc/AFBR-S50/Include/platform/flash.c.obj
LOAD CMakeFiles/ride-height-test.elf.dir/Core/Inc/AFBR-S50/Test/argus_hal_test.c.obj
LOAD CMakeFiles/ride-height-test.elf.dir/Core/Src/dma.c.obj
LOAD CMakeFiles/ride-height-test.elf.dir/Core/Src/gpio.c.obj
LOAD CMakeFiles/ride-height-test.elf.dir/Core/Src/main.c.obj
LOAD CMakeFiles/ride-height-test.elf.dir/Core/Src/spi.c.obj
LOAD CMakeFiles/ride-height-test.elf.dir/Core/Src/stm32l4xx_hal_msp.c.obj
LOAD CMakeFiles/ride-height-test.elf.dir/Core/Src/stm32l4xx_it.c.obj
LOAD CMakeFiles/ride-height-test.elf.dir/Core/Src/syscalls.c.obj
LOAD CMakeFiles/ride-height-test.elf.dir/Core/Src/sysmem.c.obj
LOAD CMakeFiles/ride-height-test.elf.dir/Core/Src/system_stm32l4xx.c.obj
LOAD CMakeFiles/ride-height-test.elf.dir/Core/Src/tim.c.obj
LOAD CMakeFiles/ride-height-test.elf.dir/Core/Startup/startup_stm32l496rgtx.s.obj
LOAD CMakeFiles/ride-height-test.elf.dir/Drivers/STM32L4xx_HAL_Driver/Src/stm32l4xx_hal.c.obj
LOAD CMakeFiles/ride-height-test.elf.dir/Drivers/STM32L4xx_HAL_Driver/Src/stm32l4xx_hal_cortex.c.obj
LOAD CMakeFiles/ride-height-test.elf.dir/Drivers/STM32L4xx_HAL_Driver/Src/stm32l4xx_hal_dma.c.obj
LOAD CMakeFiles/ride-height-test.elf.dir/Drivers/STM32L4xx_HAL_Driver/Src/stm32l4xx_hal_dma_ex.c.obj
LOAD CMakeFiles/ride-height-test.elf.dir/Drivers/STM32L4xx_HAL_Driver/Src/stm32l4xx_hal_exti.c.obj
LOAD CMakeFiles/ride-height-test.elf.dir/Drivers/STM32L4xx_HAL_Driver/Src/stm32l4xx_hal_flash.c.obj
LOAD CMakeFiles/ride-height-test.elf.dir/Drivers/STM32L4xx_HAL_Driver/Src/stm32l4xx_hal_flash_ex.c.obj
LOAD CMakeFiles/ride-height-test.elf.dir/Drivers/STM32L4xx_HAL_Driver/Src/stm32l4xx_hal_flash_ramfunc.c.obj
LOAD CMakeFiles/ride-height-test.elf.dir/Drivers/STM32L4xx_HAL_Driver/Src/stm32l4xx_hal_gpio.c.obj
LOAD CMakeFiles/ride-height-test.elf.dir/Drivers/STM32L4xx_HAL_Driver/Src/stm32l4xx_hal_i2c.c.obj
LOAD CMakeFiles/ride-height-test.elf.dir/Drivers/STM32L4xx_HAL_Driver/Src/stm32l4xx_hal_i2c_ex.c.obj
LOAD CMakeFiles/ride-height-test.elf.dir/Drivers/STM32L4xx_HAL_Driver/Src/stm32l4xx_hal_pwr.c.obj
LOAD CMakeFiles/ride-height-test.elf.dir/Drivers/STM32L4xx_HAL_Driver/Src/stm32l4xx_hal_pwr_ex.c.obj
LOAD CMakeFiles/ride-height-test.elf.dir/Drivers/STM32L4xx_HAL_Driver/Src/stm32l4xx_hal_rcc.c.obj
LOAD CMakeFiles/ride-height-test.elf.dir/Drivers/STM32L4xx_HAL_Driver/Src/stm32l4xx_hal_rcc_ex.c.obj
LOAD CMakeFiles/ride-height-test.elf.dir/Drivers/STM32L4xx_HAL_Driver/Src/stm32l4xx_hal_spi.c.obj
LOAD CMakeFiles/ride-height-test.elf.dir/Drivers/STM32L4xx_HAL_Driver/Src/stm32l4xx_hal_spi_ex.c.obj
LOAD CMakeFiles/ride-height-test.elf.dir/Drivers/STM32L4xx_HAL_Driver/Src/stm32l4xx_hal_tim.c.obj
LOAD CMakeFiles/ride-height-test.elf.dir/Drivers/STM32L4xx_HAL_Driver/Src/stm32l4xx_hal_tim_ex.c.obj
START GROUP
LOAD /Applications/ArmGNUToolchain/14.2.rel1/arm-none-eabi/bin/../lib/gcc/arm-none-eabi/14.2.1/thumb/v7e-m/nofp/libgcc.a
LOAD /Applications/ArmGNUToolchain/14.2.rel1/arm-none-eabi/bin/../lib/gcc/arm-none-eabi/14.2.1/../../../../arm-none-eabi/lib/thumb/v7e-m/nofp/libg.a
LOAD /Applications/ArmGNUToolchain/14.2.rel1/arm-none-eabi/bin/../lib/gcc/arm-none-eabi/14.2.1/../../../../arm-none-eabi/lib/thumb/v7e-m/nofp/libc.a
END GROUP
LOAD /Applications/ArmGNUToolchain/14.2.rel1/arm-none-eabi/bin/../lib/gcc/arm-none-eabi/14.2.1/thumb/v7e-m/nofp/crtend.o
LOAD /Applications/ArmGNUToolchain/14.2.rel1/arm-none-eabi/bin/../lib/gcc/arm-none-eabi/14.2.1/thumb/v7e-m/nofp/crtn.o
                0x20040000                        _estack = (ORIGIN (RAM) + LENGTH (RAM))
                0x00000200                        _Min_Heap_Size = 0x200
                0x00000400                        _Min_Stack_Size = 0x400

.isr_vector     0x08000000      0x1ac
                0x08000000                        . = ALIGN (0x4)
 *(.isr_vector)
 .isr_vector    0x08000000      0x1ac CMakeFiles/ride-height-test.elf.dir/Core/Startup/startup_stm32l496rgtx.s.obj
                0x08000000                g_pfnVectors
                0x080001ac                        . = ALIGN (0x4)

.text           0x080001ac     0x19b8
                0x080001ac                        . = ALIGN (0x4)
 *(.text)
 *(.text*)
 .text.deregister_tm_clones
                0x080001ac       0x1c /Applications/ArmGNUToolchain/14.2.rel1/arm-none-eabi/bin/../lib/gcc/arm-none-eabi/14.2.1/thumb/v7e-m/nofp/crtbegin.o
 .text.register_tm_clones
                0x080001c8       0x24 /Applications/ArmGNUToolchain/14.2.rel1/arm-none-eabi/bin/../lib/gcc/arm-none-eabi/14.2.1/thumb/v7e-m/nofp/crtbegin.o
 .text.__do_global_dtors_aux
                0x080001ec       0x28 /Applications/ArmGNUToolchain/14.2.rel1/arm-none-eabi/bin/../lib/gcc/arm-none-eabi/14.2.1/thumb/v7e-m/nofp/crtbegin.o
 .text.frame_dummy
                0x08000214       0x24 /Applications/ArmGNUToolchain/14.2.rel1/arm-none-eabi/bin/../lib/gcc/arm-none-eabi/14.2.1/thumb/v7e-m/nofp/crtbegin.o
 .text.MX_DMA_Init
                0x08000238       0x44 CMakeFiles/ride-height-test.elf.dir/Core/Src/dma.c.obj
                0x08000238                MX_DMA_Init
 .text.MX_GPIO_Init
                0x0800027c       0x80 CMakeFiles/ride-height-test.elf.dir/Core/Src/gpio.c.obj
                0x0800027c                MX_GPIO_Init
 .text.Error_Handler
                0x080002fc        0x4 CMakeFiles/ride-height-test.elf.dir/Core/Src/main.c.obj
                0x080002fc                Error_Handler
 .text.SystemClock_Config
                0x08000300       0x68 CMakeFiles/ride-height-test.elf.dir/Core/Src/main.c.obj
                0x08000300                SystemClock_Config
 .text.main     0x08000368       0x1c CMakeFiles/ride-height-test.elf.dir/Core/Src/main.c.obj
                0x08000368                main
 .text.MX_SPI2_Init
                0x08000384       0x50 CMakeFiles/ride-height-test.elf.dir/Core/Src/spi.c.obj
                0x08000384                MX_SPI2_Init
 .text.HAL_SPI_MspInit
                0x080003d4      0x128 CMakeFiles/ride-height-test.elf.dir/Core/Src/spi.c.obj
                0x080003d4                HAL_SPI_MspInit
 .text.HAL_MspInit
                0x080004fc       0x30 CMakeFiles/ride-height-test.elf.dir/Core/Src/stm32l4xx_hal_msp.c.obj
                0x080004fc                HAL_MspInit
 .text.NMI_Handler
                0x0800052c        0x2 CMakeFiles/ride-height-test.elf.dir/Core/Src/stm32l4xx_it.c.obj
                0x0800052c                NMI_Handler
 .text.HardFault_Handler
                0x0800052e        0x2 CMakeFiles/ride-height-test.elf.dir/Core/Src/stm32l4xx_it.c.obj
                0x0800052e                HardFault_Handler
 .text.MemManage_Handler
                0x08000530        0x2 CMakeFiles/ride-height-test.elf.dir/Core/Src/stm32l4xx_it.c.obj
                0x08000530                MemManage_Handler
 .text.BusFault_Handler
                0x08000532        0x2 CMakeFiles/ride-height-test.elf.dir/Core/Src/stm32l4xx_it.c.obj
                0x08000532                BusFault_Handler
 .text.UsageFault_Handler
                0x08000534        0x2 CMakeFiles/ride-height-test.elf.dir/Core/Src/stm32l4xx_it.c.obj
                0x08000534                UsageFault_Handler
 .text.SVC_Handler
                0x08000536        0x2 CMakeFiles/ride-height-test.elf.dir/Core/Src/stm32l4xx_it.c.obj
                0x08000536                SVC_Handler
 .text.DebugMon_Handler
                0x08000538        0x2 CMakeFiles/ride-height-test.elf.dir/Core/Src/stm32l4xx_it.c.obj
                0x08000538                DebugMon_Handler
 .text.PendSV_Handler
                0x0800053a        0x2 CMakeFiles/ride-height-test.elf.dir/Core/Src/stm32l4xx_it.c.obj
                0x0800053a                PendSV_Handler
 .text.SysTick_Handler
                0x0800053c        0x8 CMakeFiles/ride-height-test.elf.dir/Core/Src/stm32l4xx_it.c.obj
                0x0800053c                SysTick_Handler
 .text.DMA1_Channel4_IRQHandler
                0x08000544       0x10 CMakeFiles/ride-height-test.elf.dir/Core/Src/stm32l4xx_it.c.obj
                0x08000544                DMA1_Channel4_IRQHandler
 .text.DMA1_Channel5_IRQHandler
                0x08000554       0x10 CMakeFiles/ride-height-test.elf.dir/Core/Src/stm32l4xx_it.c.obj
                0x08000554                DMA1_Channel5_IRQHandler
 .text.SystemInit
                0x08000564        0x2 CMakeFiles/ride-height-test.elf.dir/Core/Src/system_stm32l4xx.c.obj
                0x08000564                SystemInit
 *fill*         0x08000566        0x2 
 .text.MX_TIM2_Init
                0x08000568       0x70 CMakeFiles/ride-height-test.elf.dir/Core/Src/tim.c.obj
                0x08000568                MX_TIM2_Init
 .text.HAL_TIM_Base_MspInit
                0x080005d8       0x26 CMakeFiles/ride-height-test.elf.dir/Core/Src/tim.c.obj
                0x080005d8                HAL_TIM_Base_MspInit
 *fill*         0x080005fe        0x2 
 .text.Reset_Handler
                0x08000600       0x50 CMakeFiles/ride-height-test.elf.dir/Core/Startup/startup_stm32l496rgtx.s.obj
                0x08000600                Reset_Handler
 .text.Default_Handler
                0x08000650        0x2 CMakeFiles/ride-height-test.elf.dir/Core/Startup/startup_stm32l496rgtx.s.obj
                0x08000650                TIM1_BRK_TIM15_IRQHandler
                0x08000650                EXTI2_IRQHandler
                0x08000650                TIM8_TRG_COM_IRQHandler
                0x08000650                TIM8_CC_IRQHandler
                0x08000650                TIM1_CC_IRQHandler
                0x08000650                TSC_IRQHandler
                0x08000650                TAMP_STAMP_IRQHandler
                0x08000650                CAN2_RX1_IRQHandler
                0x08000650                EXTI3_IRQHandler
                0x08000650                LPTIM2_IRQHandler
                0x08000650                DFSDM1_FLT1_IRQHandler
                0x08000650                I2C3_ER_IRQHandler
                0x08000650                DFSDM1_FLT2_IRQHandler
                0x08000650                EXTI0_IRQHandler
                0x08000650                I2C2_EV_IRQHandler
                0x08000650                CAN1_RX0_IRQHandler
                0x08000650                FPU_IRQHandler
                0x08000650                TIM1_UP_TIM16_IRQHandler
                0x08000650                CAN2_SCE_IRQHandler
                0x08000650                ADC1_2_IRQHandler
                0x08000650                SPI1_IRQHandler
                0x08000650                TIM6_DAC_IRQHandler
                0x08000650                DCMI_IRQHandler
                0x08000650                CAN2_RX0_IRQHandler
                0x08000650                TIM8_UP_IRQHandler
                0x08000650                DMA2_Channel2_IRQHandler
                0x08000650                SAI2_IRQHandler
                0x08000650                DFSDM1_FLT3_IRQHandler
                0x08000650                USART3_IRQHandler
                0x08000650                DMA1_Channel7_IRQHandler
                0x08000650                CAN1_RX1_IRQHandler
                0x08000650                LCD_IRQHandler
                0x08000650                UART5_IRQHandler
                0x08000650                ADC3_IRQHandler
                0x08000650                TIM4_IRQHandler
                0x08000650                DMA2_Channel1_IRQHandler
                0x08000650                QUADSPI_IRQHandler
                0x08000650                I2C1_EV_IRQHandler
                0x08000650                DMA1_Channel6_IRQHandler
                0x08000650                UART4_IRQHandler
                0x08000650                DMA2_Channel4_IRQHandler
                0x08000650                TIM3_IRQHandler
                0x08000650                RCC_IRQHandler
                0x08000650                DMA1_Channel1_IRQHandler
                0x08000650                Default_Handler
                0x08000650                DMA2_Channel7_IRQHandler
                0x08000650                EXTI15_10_IRQHandler
                0x08000650                TIM7_IRQHandler
                0x08000650                SDMMC1_IRQHandler
                0x08000650                CAN2_TX_IRQHandler
                0x08000650                TIM5_IRQHandler
                0x08000650                I2C3_EV_IRQHandler
                0x08000650                EXTI9_5_IRQHandler
                0x08000650                RTC_WKUP_IRQHandler
                0x08000650                PVD_PVM_IRQHandler
                0x08000650                SPI2_IRQHandler
                0x08000650                CAN1_TX_IRQHandler
                0x08000650                DMA2_Channel5_IRQHandler
                0x08000650                CRS_IRQHandler
                0x08000650                EXTI4_IRQHandler
                0x08000650                RNG_IRQHandler
                0x08000650                TIM1_TRG_COM_TIM17_IRQHandler
                0x08000650                DMA1_Channel3_IRQHandler
                0x08000650                COMP_IRQHandler
                0x08000650                WWDG_IRQHandler
                0x08000650                I2C4_EV_IRQHandler
                0x08000650                LPUART1_IRQHandler
                0x08000650                DMA2_Channel6_IRQHandler
                0x08000650                TIM2_IRQHandler
                0x08000650                EXTI1_IRQHandler
                0x08000650                USART2_IRQHandler
                0x08000650                DFSDM1_FLT0_IRQHandler
                0x08000650                I2C2_ER_IRQHandler
                0x08000650                DMA1_Channel2_IRQHandler
                0x08000650                TIM8_BRK_IRQHandler
                0x08000650                CAN1_SCE_IRQHandler
                0x08000650                FLASH_IRQHandler
                0x08000650                USART1_IRQHandler
                0x08000650                OTG_FS_IRQHandler
                0x08000650                SPI3_IRQHandler
                0x08000650                I2C1_ER_IRQHandler
                0x08000650                FMC_IRQHandler
                0x08000650                SWPMI1_IRQHandler
                0x08000650                LPTIM1_IRQHandler
                0x08000650                I2C4_ER_IRQHandler
                0x08000650                SAI1_IRQHandler
                0x08000650                DMA2_Channel3_IRQHandler
                0x08000650                RTC_Alarm_IRQHandler
 *fill*         0x08000652        0x2 
 .text.HAL_InitTick
                0x08000654       0x50 CMakeFiles/ride-height-test.elf.dir/Drivers/STM32L4xx_HAL_Driver/Src/stm32l4xx_hal.c.obj
                0x08000654                HAL_InitTick
 .text.HAL_Init
                0x080006a4       0x1e CMakeFiles/ride-height-test.elf.dir/Drivers/STM32L4xx_HAL_Driver/Src/stm32l4xx_hal.c.obj
                0x080006a4                HAL_Init
 *fill*         0x080006c2        0x2 
 .text.HAL_IncTick
                0x080006c4       0x18 CMakeFiles/ride-height-test.elf.dir/Drivers/STM32L4xx_HAL_Driver/Src/stm32l4xx_hal.c.obj
                0x080006c4                HAL_IncTick
 .text.HAL_GetTick
                0x080006dc        0xc CMakeFiles/ride-height-test.elf.dir/Drivers/STM32L4xx_HAL_Driver/Src/stm32l4xx_hal.c.obj
                0x080006dc                HAL_GetTick
 .text.__NVIC_EnableIRQ
                0x080006e8       0x1c CMakeFiles/ride-height-test.elf.dir/Drivers/STM32L4xx_HAL_Driver/Src/stm32l4xx_hal_cortex.c.obj
 .text.__NVIC_SetPriority
                0x08000704       0x28 CMakeFiles/ride-height-test.elf.dir/Drivers/STM32L4xx_HAL_Driver/Src/stm32l4xx_hal_cortex.c.obj
 .text.NVIC_EncodePriority
                0x0800072c       0x3e CMakeFiles/ride-height-test.elf.dir/Drivers/STM32L4xx_HAL_Driver/Src/stm32l4xx_hal_cortex.c.obj
 *fill*         0x0800076a        0x2 
 .text.HAL_NVIC_SetPriorityGrouping
                0x0800076c       0x24 CMakeFiles/ride-height-test.elf.dir/Drivers/STM32L4xx_HAL_Driver/Src/stm32l4xx_hal_cortex.c.obj
                0x0800076c                HAL_NVIC_SetPriorityGrouping
 .text.HAL_NVIC_SetPriority
                0x08000790       0x20 CMakeFiles/ride-height-test.elf.dir/Drivers/STM32L4xx_HAL_Driver/Src/stm32l4xx_hal_cortex.c.obj
                0x08000790                HAL_NVIC_SetPriority
 .text.HAL_NVIC_EnableIRQ
                0x080007b0        0x8 CMakeFiles/ride-height-test.elf.dir/Drivers/STM32L4xx_HAL_Driver/Src/stm32l4xx_hal_cortex.c.obj
                0x080007b0                HAL_NVIC_EnableIRQ
 .text.HAL_SYSTICK_Config
                0x080007b8       0x28 CMakeFiles/ride-height-test.elf.dir/Drivers/STM32L4xx_HAL_Driver/Src/stm32l4xx_hal_cortex.c.obj
                0x080007b8                HAL_SYSTICK_Config
 .text.HAL_DMA_Init
                0x080007e0      0x104 CMakeFiles/ride-height-test.elf.dir/Drivers/STM32L4xx_HAL_Driver/Src/stm32l4xx_hal_dma.c.obj
                0x080007e0                HAL_DMA_Init
 .text.HAL_DMA_IRQHandler
                0x080008e4       0xc4 CMakeFiles/ride-height-test.elf.dir/Drivers/STM32L4xx_HAL_Driver/Src/stm32l4xx_hal_dma.c.obj
                0x080008e4                HAL_DMA_IRQHandler
 .text.HAL_GPIO_Init
                0x080009a8      0x1f4 CMakeFiles/ride-height-test.elf.dir/Drivers/STM32L4xx_HAL_Driver/Src/stm32l4xx_hal_gpio.c.obj
                0x080009a8                HAL_GPIO_Init
 .text.HAL_PWREx_GetVoltageRange
                0x08000b9c       0x10 CMakeFiles/ride-height-test.elf.dir/Drivers/STM32L4xx_HAL_Driver/Src/stm32l4xx_hal_pwr_ex.c.obj
                0x08000b9c                HAL_PWREx_GetVoltageRange
 .text.HAL_PWREx_ControlVoltageScaling
                0x08000bac       0x90 CMakeFiles/ride-height-test.elf.dir/Drivers/STM32L4xx_HAL_Driver/Src/stm32l4xx_hal_pwr_ex.c.obj
                0x08000bac                HAL_PWREx_ControlVoltageScaling
 .text.RCC_SetFlashLatencyFromMSIRange
                0x08000c3c       0x90 CMakeFiles/ride-height-test.elf.dir/Drivers/STM32L4xx_HAL_Driver/Src/stm32l4xx_hal_rcc.c.obj
 .text.HAL_RCC_GetSysClockFreq
                0x08000ccc       0xa0 CMakeFiles/ride-height-test.elf.dir/Drivers/STM32L4xx_HAL_Driver/Src/stm32l4xx_hal_rcc.c.obj
                0x08000ccc                HAL_RCC_GetSysClockFreq
 .text.HAL_RCC_OscConfig
                0x08000d6c      0x67c CMakeFiles/ride-height-test.elf.dir/Drivers/STM32L4xx_HAL_Driver/Src/stm32l4xx_hal_rcc.c.obj
                0x08000d6c                HAL_RCC_OscConfig
 .text.HAL_RCC_ClockConfig
                0x080013e8      0x188 CMakeFiles/ride-height-test.elf.dir/Drivers/STM32L4xx_HAL_Driver/Src/stm32l4xx_hal_rcc.c.obj
                0x080013e8                HAL_RCC_ClockConfig
 .text.HAL_SPI_Init
                0x08001570       0xde CMakeFiles/ride-height-test.elf.dir/Drivers/STM32L4xx_HAL_Driver/Src/stm32l4xx_hal_spi.c.obj
                0x08001570                HAL_SPI_Init
 .text.TIM_TI1_ConfigInputStage
                0x0800164e       0x24 CMakeFiles/ride-height-test.elf.dir/Drivers/STM32L4xx_HAL_Driver/Src/stm32l4xx_hal_tim.c.obj
 .text.TIM_TI2_ConfigInputStage
                0x08001672       0x26 CMakeFiles/ride-height-test.elf.dir/Drivers/STM32L4xx_HAL_Driver/Src/stm32l4xx_hal_tim.c.obj
 .text.TIM_ITRx_SetConfig
                0x08001698       0x10 CMakeFiles/ride-height-test.elf.dir/Drivers/STM32L4xx_HAL_Driver/Src/stm32l4xx_hal_tim.c.obj
 .text.TIM_Base_SetConfig
                0x080016a8       0xd8 CMakeFiles/ride-height-test.elf.dir/Drivers/STM32L4xx_HAL_Driver/Src/stm32l4xx_hal_tim.c.obj
                0x080016a8                TIM_Base_SetConfig
 .text.HAL_TIM_Base_Init
                0x08001780       0x60 CMakeFiles/ride-height-test.elf.dir/Drivers/STM32L4xx_HAL_Driver/Src/stm32l4xx_hal_tim.c.obj
                0x08001780                HAL_TIM_Base_Init
 .text.TIM_ETR_SetConfig
                0x080017e0       0x18 CMakeFiles/ride-height-test.elf.dir/Drivers/STM32L4xx_HAL_Driver/Src/stm32l4xx_hal_tim.c.obj
                0x080017e0                TIM_ETR_SetConfig
 .text.HAL_TIM_ConfigClockSource
                0x080017f8      0x100 CMakeFiles/ride-height-test.elf.dir/Drivers/STM32L4xx_HAL_Driver/Src/stm32l4xx_hal_tim.c.obj
                0x080017f8                HAL_TIM_ConfigClockSource
 .text.HAL_TIMEx_MasterConfigSynchronization
                0x080018f8       0x98 CMakeFiles/ride-height-test.elf.dir/Drivers/STM32L4xx_HAL_Driver/Src/stm32l4xx_hal_tim_ex.c.obj
                0x080018f8                HAL_TIMEx_MasterConfigSynchronization
 .text.memset   0x08001990       0x9c /Applications/ArmGNUToolchain/14.2.rel1/arm-none-eabi/bin/../lib/gcc/arm-none-eabi/14.2.1/../../../../arm-none-eabi/lib/thumb/v7e-m/nofp/libg.a(libc_a-memset.o)
                0x08001990                memset
 .text.__libc_init_array
                0x08001a2c       0x50 /Applications/ArmGNUToolchain/14.2.rel1/arm-none-eabi/bin/../lib/gcc/arm-none-eabi/14.2.1/../../../../arm-none-eabi/lib/thumb/v7e-m/nofp/libg.a(libc_a-init.o)
                0x08001a2c                __libc_init_array
 .text.__retarget_lock_acquire_recursive
                0x08001a7c        0x4 /Applications/ArmGNUToolchain/14.2.rel1/arm-none-eabi/bin/../lib/gcc/arm-none-eabi/14.2.1/../../../../arm-none-eabi/lib/thumb/v7e-m/nofp/libg.a(libc_a-lock.o)
                0x08001a7c                __retarget_lock_acquire_recursive
 .text.__retarget_lock_release_recursive
                0x08001a80        0x4 /Applications/ArmGNUToolchain/14.2.rel1/arm-none-eabi/bin/../lib/gcc/arm-none-eabi/14.2.1/../../../../arm-none-eabi/lib/thumb/v7e-m/nofp/libg.a(libc_a-lock.o)
                0x08001a80                __retarget_lock_release_recursive
 .text.startup.register_fini
                0x08001a84       0x14 /Applications/ArmGNUToolchain/14.2.rel1/arm-none-eabi/bin/../lib/gcc/arm-none-eabi/14.2.1/../../../../arm-none-eabi/lib/thumb/v7e-m/nofp/libg.a(libc_a-__call_atexit.o)
 .text.atexit   0x08001a98        0xc /Applications/ArmGNUToolchain/14.2.rel1/arm-none-eabi/bin/../lib/gcc/arm-none-eabi/14.2.1/../../../../arm-none-eabi/lib/thumb/v7e-m/nofp/libg.a(libc_a-atexit.o)
                0x08001a98                atexit
 .text.__libc_fini_array
                0x08001aa4       0x28 /Applications/ArmGNUToolchain/14.2.rel1/arm-none-eabi/bin/../lib/gcc/arm-none-eabi/14.2.1/../../../../arm-none-eabi/lib/thumb/v7e-m/nofp/libg.a(libc_a-fini.o)
                0x08001aa4                __libc_fini_array
 .text.__register_exitproc
                0x08001acc       0x80 /Applications/ArmGNUToolchain/14.2.rel1/arm-none-eabi/bin/../lib/gcc/arm-none-eabi/14.2.1/../../../../arm-none-eabi/lib/thumb/v7e-m/nofp/libg.a(libc_a-__atexit.o)
                0x08001acc                __register_exitproc
 *(.glue_7)
 .glue_7        0x08001b4c        0x0 linker stubs
 *(.glue_7t)
 .glue_7t       0x08001b4c        0x0 linker stubs
 *(.eh_frame)
 .eh_frame      0x08001b4c        0x0 /Applications/ArmGNUToolchain/14.2.rel1/arm-none-eabi/bin/../lib/gcc/arm-none-eabi/14.2.1/thumb/v7e-m/nofp/crtbegin.o
 *(.init)
 .init          0x08001b4c        0x4 /Applications/ArmGNUToolchain/14.2.rel1/arm-none-eabi/bin/../lib/gcc/arm-none-eabi/14.2.1/thumb/v7e-m/nofp/crti.o
                0x08001b4c                _init
 .init          0x08001b50        0x8 /Applications/ArmGNUToolchain/14.2.rel1/arm-none-eabi/bin/../lib/gcc/arm-none-eabi/14.2.1/thumb/v7e-m/nofp/crtn.o
 *(.fini)
 .fini          0x08001b58        0x4 /Applications/ArmGNUToolchain/14.2.rel1/arm-none-eabi/bin/../lib/gcc/arm-none-eabi/14.2.1/thumb/v7e-m/nofp/crti.o
                0x08001b58                _fini
 .fini          0x08001b5c        0x8 /Applications/ArmGNUToolchain/14.2.rel1/arm-none-eabi/bin/../lib/gcc/arm-none-eabi/14.2.1/thumb/v7e-m/nofp/crtn.o
                0x08001b64                        . = ALIGN (0x4)
                0x08001b64                        _etext = .

.vfp11_veneer   0x08001b64        0x0
 .vfp11_veneer  0x08001b64        0x0 linker stubs

.v4_bx          0x08001b64        0x0
 .v4_bx         0x08001b64        0x0 linker stubs

.iplt           0x08001b64        0x0
 .iplt          0x08001b64        0x0 /Applications/ArmGNUToolchain/14.2.rel1/arm-none-eabi/bin/../lib/gcc/arm-none-eabi/14.2.1/thumb/v7e-m/nofp/crtbegin.o

.rodata         0x08001b64       0x40
                0x08001b64                        . = ALIGN (0x4)
 *(.rodata)
 *(.rodata*)
 .rodata.MSIRangeTable
                0x08001b64       0x30 CMakeFiles/ride-height-test.elf.dir/Core/Src/system_stm32l4xx.c.obj
                0x08001b64                MSIRangeTable
 .rodata.AHBPrescTable
                0x08001b94       0x10 CMakeFiles/ride-height-test.elf.dir/Core/Src/system_stm32l4xx.c.obj
                0x08001b94                AHBPrescTable
                0x08001ba4                        . = ALIGN (0x4)

.ARM.extab      0x08001ba4        0x0
                0x08001ba4                        . = ALIGN (0x4)
 *(.ARM.extab* .gnu.linkonce.armextab.*)
                0x08001ba4                        . = ALIGN (0x4)

.ARM            0x08001ba4        0x0
                0x08001ba4                        . = ALIGN (0x4)
                0x08001ba4                        __exidx_start = .
 *(.ARM.exidx*)
                0x08001ba4                        __exidx_end = .
                0x08001ba4                        . = ALIGN (0x4)

.preinit_array  0x08001ba4        0x0
                0x08001ba4                        . = ALIGN (0x4)
                0x08001ba4                        PROVIDE (__preinit_array_start = .)
 *(.preinit_array*)
                0x08001ba4                        PROVIDE (__preinit_array_end = .)
                0x08001ba4                        . = ALIGN (0x4)

.init_array     0x08001ba4        0x8
                0x08001ba4                        . = ALIGN (0x4)
                0x08001ba4                        PROVIDE (__init_array_start = .)
 *(SORT_BY_NAME(.init_array.*))
 .init_array.00000
                0x08001ba4        0x4 /Applications/ArmGNUToolchain/14.2.rel1/arm-none-eabi/bin/../lib/gcc/arm-none-eabi/14.2.1/../../../../arm-none-eabi/lib/thumb/v7e-m/nofp/libg.a(libc_a-__call_atexit.o)
 *(.init_array*)
 .init_array    0x08001ba8        0x4 /Applications/ArmGNUToolchain/14.2.rel1/arm-none-eabi/bin/../lib/gcc/arm-none-eabi/14.2.1/thumb/v7e-m/nofp/crtbegin.o
                0x08001bac                        PROVIDE (__init_array_end = .)
                0x08001bac                        . = ALIGN (0x4)

.fini_array     0x08001bac        0x4
                0x08001bac                        . = ALIGN (0x4)
                0x08001bac                        PROVIDE (__fini_array_start = .)
 *(SORT_BY_NAME(.fini_array.*))
 *(.fini_array*)
 .fini_array    0x08001bac        0x4 /Applications/ArmGNUToolchain/14.2.rel1/arm-none-eabi/bin/../lib/gcc/arm-none-eabi/14.2.1/thumb/v7e-m/nofp/crtbegin.o
                0x08001bb0                        PROVIDE (__fini_array_end = .)
                0x08001bb0                        . = ALIGN (0x4)
                0x08001bb0                        _sidata = LOADADDR (.data)

.rel.dyn        0x08001bb0        0x0
 .rel.iplt      0x08001bb0        0x0 /Applications/ArmGNUToolchain/14.2.rel1/arm-none-eabi/bin/../lib/gcc/arm-none-eabi/14.2.1/thumb/v7e-m/nofp/crtbegin.o

.data           0x20000000       0x10 load address 0x08001bb0
                0x20000000                        . = ALIGN (0x4)
                0x20000000                        _sdata = .
 *(.data)
 *(.data*)
 .data.SystemCoreClock
                0x20000000        0x4 CMakeFiles/ride-height-test.elf.dir/Core/Src/system_stm32l4xx.c.obj
                0x20000000                SystemCoreClock
 .data.uwTickFreq
                0x20000004        0x1 CMakeFiles/ride-height-test.elf.dir/Drivers/STM32L4xx_HAL_Driver/Src/stm32l4xx_hal.c.obj
                0x20000004                uwTickFreq
 *fill*         0x20000005        0x3 
 .data.uwTickPrio
                0x20000008        0x4 CMakeFiles/ride-height-test.elf.dir/Drivers/STM32L4xx_HAL_Driver/Src/stm32l4xx_hal.c.obj
                0x20000008                uwTickPrio
 .data.__atexit_recursive_mutex
                0x2000000c        0x4 /Applications/ArmGNUToolchain/14.2.rel1/arm-none-eabi/bin/../lib/gcc/arm-none-eabi/14.2.1/../../../../arm-none-eabi/lib/thumb/v7e-m/nofp/libg.a(libc_a-__call_atexit.o)
                0x2000000c                __atexit_recursive_mutex
 *(.RamFunc)
 *(.RamFunc*)
                0x20000010                        . = ALIGN (0x4)
                0x20000010                        _edata = .

.tm_clone_table
                0x20000010        0x0 load address 0x08001bc0
 .tm_clone_table
                0x20000010        0x0 /Applications/ArmGNUToolchain/14.2.rel1/arm-none-eabi/bin/../lib/gcc/arm-none-eabi/14.2.1/thumb/v7e-m/nofp/crtbegin.o
 .tm_clone_table
                0x20000010        0x0 /Applications/ArmGNUToolchain/14.2.rel1/arm-none-eabi/bin/../lib/gcc/arm-none-eabi/14.2.1/thumb/v7e-m/nofp/crtend.o

.igot.plt       0x20000010        0x0 load address 0x08001bc0
 .igot.plt      0x20000010        0x0 /Applications/ArmGNUToolchain/14.2.rel1/arm-none-eabi/bin/../lib/gcc/arm-none-eabi/14.2.1/thumb/v7e-m/nofp/crtbegin.o
                0x20000010                        . = ALIGN (0x4)

.bss            0x20000010      0x2f8 load address 0x08001bc0
                0x20000010                        _sbss = .
                0x20000010                        __bss_start__ = _sbss
 *(.bss)
 *(.bss*)
 .bss.completed.1
                0x20000010        0x1 /Applications/ArmGNUToolchain/14.2.rel1/arm-none-eabi/bin/../lib/gcc/arm-none-eabi/14.2.1/thumb/v7e-m/nofp/crtbegin.o
 *fill*         0x20000011        0x3 
 .bss.object.0  0x20000014       0x18 /Applications/ArmGNUToolchain/14.2.rel1/arm-none-eabi/bin/../lib/gcc/arm-none-eabi/14.2.1/thumb/v7e-m/nofp/crtbegin.o
 .bss.hdma_spi2_tx
                0x2000002c       0x48 CMakeFiles/ride-height-test.elf.dir/Core/Src/spi.c.obj
                0x2000002c                hdma_spi2_tx
 .bss.hdma_spi2_rx
                0x20000074       0x48 CMakeFiles/ride-height-test.elf.dir/Core/Src/spi.c.obj
                0x20000074                hdma_spi2_rx
 .bss.hspi2     0x200000bc       0x64 CMakeFiles/ride-height-test.elf.dir/Core/Src/spi.c.obj
                0x200000bc                hspi2
 .bss.htim2     0x20000120       0x4c CMakeFiles/ride-height-test.elf.dir/Core/Src/tim.c.obj
                0x20000120                htim2
 .bss.uwTick    0x2000016c        0x4 CMakeFiles/ride-height-test.elf.dir/Drivers/STM32L4xx_HAL_Driver/Src/stm32l4xx_hal.c.obj
                0x2000016c                uwTick
 .bss.__lock___atexit_recursive_mutex
                0x20000170        0x1 /Applications/ArmGNUToolchain/14.2.rel1/arm-none-eabi/bin/../lib/gcc/arm-none-eabi/14.2.1/../../../../arm-none-eabi/lib/thumb/v7e-m/nofp/libg.a(libc_a-lock.o)
                0x20000170                __lock___atexit_recursive_mutex
 *fill*         0x20000171        0x3 
 .bss.__atexit  0x20000174        0x4 /Applications/ArmGNUToolchain/14.2.rel1/arm-none-eabi/bin/../lib/gcc/arm-none-eabi/14.2.1/../../../../arm-none-eabi/lib/thumb/v7e-m/nofp/libg.a(libc_a-__call_atexit.o)
                0x20000174                __atexit
 .bss.__atexit0
                0x20000178      0x190 /Applications/ArmGNUToolchain/14.2.rel1/arm-none-eabi/bin/../lib/gcc/arm-none-eabi/14.2.1/../../../../arm-none-eabi/lib/thumb/v7e-m/nofp/libg.a(libc_a-__atexit.o)
                0x20000178                __atexit0
 *(COMMON)
                0x20000308                        . = ALIGN (0x4)
                0x20000308                        _ebss = .
                0x20000308                        __bss_end__ = _ebss

._user_heap_stack
                0x20000308      0x600 load address 0x08001bc0
                0x20000308                        . = ALIGN (0x8)
                [!provide]                        PROVIDE (end = .)
                0x20000308                        PROVIDE (_end = .)
                0x20000508                        . = (. + _Min_Heap_Size)
 *fill*         0x20000308      0x200 
                0x20000908                        . = (. + _Min_Stack_Size)
 *fill*         0x20000508      0x400 
                0x20000908                        . = ALIGN (0x8)

/DISCARD/
 libc.a(*)
 libm.a(*)
 libgcc.a(*)

.ARM.attributes
                0x00000000       0x2a
 *(.ARM.attributes)
 .ARM.attributes
                0x00000000       0x1e /Applications/ArmGNUToolchain/14.2.rel1/arm-none-eabi/bin/../lib/gcc/arm-none-eabi/14.2.1/thumb/v7e-m/nofp/crti.o
 .ARM.attributes
                0x0000001e       0x2e /Applications/ArmGNUToolchain/14.2.rel1/arm-none-eabi/bin/../lib/gcc/arm-none-eabi/14.2.1/thumb/v7e-m/nofp/crtbegin.o
 .ARM.attributes
                0x0000004c       0x2e CMakeFiles/ride-height-test.elf.dir/Core/Src/dma.c.obj
 .ARM.attributes
                0x0000007a       0x2e CMakeFiles/ride-height-test.elf.dir/Core/Src/gpio.c.obj
 .ARM.attributes
                0x000000a8       0x2e CMakeFiles/ride-height-test.elf.dir/Core/Src/main.c.obj
 .ARM.attributes
                0x000000d6       0x2e CMakeFiles/ride-height-test.elf.dir/Core/Src/spi.c.obj
 .ARM.attributes
                0x00000104       0x2e CMakeFiles/ride-height-test.elf.dir/Core/Src/stm32l4xx_hal_msp.c.obj
 .ARM.attributes
                0x00000132       0x2e CMakeFiles/ride-height-test.elf.dir/Core/Src/stm32l4xx_it.c.obj
 .ARM.attributes
                0x00000160       0x2e CMakeFiles/ride-height-test.elf.dir/Core/Src/system_stm32l4xx.c.obj
 .ARM.attributes
                0x0000018e       0x2e CMakeFiles/ride-height-test.elf.dir/Core/Src/tim.c.obj
 .ARM.attributes
                0x000001bc       0x21 CMakeFiles/ride-height-test.elf.dir/Core/Startup/startup_stm32l496rgtx.s.obj
 .ARM.attributes
                0x000001dd       0x2e CMakeFiles/ride-height-test.elf.dir/Drivers/STM32L4xx_HAL_Driver/Src/stm32l4xx_hal.c.obj
 .ARM.attributes
                0x0000020b       0x2e CMakeFiles/ride-height-test.elf.dir/Drivers/STM32L4xx_HAL_Driver/Src/stm32l4xx_hal_cortex.c.obj
 .ARM.attributes
                0x00000239       0x2e CMakeFiles/ride-height-test.elf.dir/Drivers/STM32L4xx_HAL_Driver/Src/stm32l4xx_hal_dma.c.obj
 .ARM.attributes
                0x00000267       0x2e CMakeFiles/ride-height-test.elf.dir/Drivers/STM32L4xx_HAL_Driver/Src/stm32l4xx_hal_gpio.c.obj
 .ARM.attributes
                0x00000295       0x2e CMakeFiles/ride-height-test.elf.dir/Drivers/STM32L4xx_HAL_Driver/Src/stm32l4xx_hal_pwr_ex.c.obj
 .ARM.attributes
                0x000002c3       0x2e CMakeFiles/ride-height-test.elf.dir/Drivers/STM32L4xx_HAL_Driver/Src/stm32l4xx_hal_rcc.c.obj
 .ARM.attributes
                0x000002f1       0x2e CMakeFiles/ride-height-test.elf.dir/Drivers/STM32L4xx_HAL_Driver/Src/stm32l4xx_hal_spi.c.obj
 .ARM.attributes
                0x0000031f       0x2e CMakeFiles/ride-height-test.elf.dir/Drivers/STM32L4xx_HAL_Driver/Src/stm32l4xx_hal_tim.c.obj
 .ARM.attributes
                0x0000034d       0x2e CMakeFiles/ride-height-test.elf.dir/Drivers/STM32L4xx_HAL_Driver/Src/stm32l4xx_hal_tim_ex.c.obj
 .ARM.attributes
                0x0000037b       0x2e /Applications/ArmGNUToolchain/14.2.rel1/arm-none-eabi/bin/../lib/gcc/arm-none-eabi/14.2.1/../../../../arm-none-eabi/lib/thumb/v7e-m/nofp/libg.a(libc_a-memset.o)
 .ARM.attributes
                0x000003a9       0x2e /Applications/ArmGNUToolchain/14.2.rel1/arm-none-eabi/bin/../lib/gcc/arm-none-eabi/14.2.1/../../../../arm-none-eabi/lib/thumb/v7e-m/nofp/libg.a(libc_a-init.o)
 .ARM.attributes
                0x000003d7       0x2e /Applications/ArmGNUToolchain/14.2.rel1/arm-none-eabi/bin/../lib/gcc/arm-none-eabi/14.2.1/../../../../arm-none-eabi/lib/thumb/v7e-m/nofp/libg.a(libc_a-lock.o)
 .ARM.attributes
                0x00000405       0x2e /Applications/ArmGNUToolchain/14.2.rel1/arm-none-eabi/bin/../lib/gcc/arm-none-eabi/14.2.1/../../../../arm-none-eabi/lib/thumb/v7e-m/nofp/libg.a(libc_a-__call_atexit.o)
 .ARM.attributes
                0x00000433       0x2e /Applications/ArmGNUToolchain/14.2.rel1/arm-none-eabi/bin/../lib/gcc/arm-none-eabi/14.2.1/../../../../arm-none-eabi/lib/thumb/v7e-m/nofp/libg.a(libc_a-atexit.o)
 .ARM.attributes
                0x00000461       0x2e /Applications/ArmGNUToolchain/14.2.rel1/arm-none-eabi/bin/../lib/gcc/arm-none-eabi/14.2.1/../../../../arm-none-eabi/lib/thumb/v7e-m/nofp/libg.a(libc_a-fini.o)
 .ARM.attributes
                0x0000048f       0x2e /Applications/ArmGNUToolchain/14.2.rel1/arm-none-eabi/bin/../lib/gcc/arm-none-eabi/14.2.1/../../../../arm-none-eabi/lib/thumb/v7e-m/nofp/libg.a(libc_a-__atexit.o)
 .ARM.attributes
                0x000004bd       0x2e /Applications/ArmGNUToolchain/14.2.rel1/arm-none-eabi/bin/../lib/gcc/arm-none-eabi/14.2.1/thumb/v7e-m/nofp/crtend.o
 .ARM.attributes
                0x000004eb       0x1e /Applications/ArmGNUToolchain/14.2.rel1/arm-none-eabi/bin/../lib/gcc/arm-none-eabi/14.2.1/thumb/v7e-m/nofp/crtn.o
OUTPUT(ride-height-test.elf elf32-littlearm)
LOAD linker stubs
LOAD /Applications/ArmGNUToolchain/14.2.rel1/arm-none-eabi/bin/../lib/gcc/arm-none-eabi/14.2.1/../../../../arm-none-eabi/lib/thumb/v7e-m/nofp/libc.a
LOAD /Applications/ArmGNUToolchain/14.2.rel1/arm-none-eabi/bin/../lib/gcc/arm-none-eabi/14.2.1/../../../../arm-none-eabi/lib/thumb/v7e-m/nofp/libm.a
LOAD /Applications/ArmGNUToolchain/14.2.rel1/arm-none-eabi/bin/../lib/gcc/arm-none-eabi/14.2.1/thumb/v7e-m/nofp/libgcc.a

.debug_info     0x00000000     0xec42
 .debug_info    0x00000000      0x5ad CMakeFiles/ride-height-test.elf.dir/Core/Src/dma.c.obj
 .debug_info    0x000005ad      0x458 CMakeFiles/ride-height-test.elf.dir/Core/Src/gpio.c.obj
 .debug_info    0x00000a05      0x3b2 CMakeFiles/ride-height-test.elf.dir/Core/Src/main.c.obj
 .debug_info    0x00000db7      0xb00 CMakeFiles/ride-height-test.elf.dir/Core/Src/spi.c.obj
 .debug_info    0x000018b7      0x2cd CMakeFiles/ride-height-test.elf.dir/Core/Src/stm32l4xx_hal_msp.c.obj
 .debug_info    0x00001b84      0x3a8 CMakeFiles/ride-height-test.elf.dir/Core/Src/stm32l4xx_it.c.obj
 .debug_info    0x00001f2c      0x3e0 CMakeFiles/ride-height-test.elf.dir/Core/Src/system_stm32l4xx.c.obj
 .debug_info    0x0000230c      0xaad CMakeFiles/ride-height-test.elf.dir/Core/Src/tim.c.obj
 .debug_info    0x00002db9       0x30 CMakeFiles/ride-height-test.elf.dir/Core/Startup/startup_stm32l496rgtx.s.obj
 .debug_info    0x00002de9      0xc06 CMakeFiles/ride-height-test.elf.dir/Drivers/STM32L4xx_HAL_Driver/Src/stm32l4xx_hal.c.obj
 .debug_info    0x000039ef     0x1020 CMakeFiles/ride-height-test.elf.dir/Drivers/STM32L4xx_HAL_Driver/Src/stm32l4xx_hal_cortex.c.obj
 .debug_info    0x00004a0f      0x814 CMakeFiles/ride-height-test.elf.dir/Drivers/STM32L4xx_HAL_Driver/Src/stm32l4xx_hal_dma.c.obj
 .debug_info    0x00005223      0x7a1 CMakeFiles/ride-height-test.elf.dir/Drivers/STM32L4xx_HAL_Driver/Src/stm32l4xx_hal_gpio.c.obj
 .debug_info    0x000059c4      0xa44 CMakeFiles/ride-height-test.elf.dir/Drivers/STM32L4xx_HAL_Driver/Src/stm32l4xx_hal_pwr_ex.c.obj
 .debug_info    0x00006408      0xed0 CMakeFiles/ride-height-test.elf.dir/Drivers/STM32L4xx_HAL_Driver/Src/stm32l4xx_hal_rcc.c.obj
 .debug_info    0x000072d8     0x1f84 CMakeFiles/ride-height-test.elf.dir/Drivers/STM32L4xx_HAL_Driver/Src/stm32l4xx_hal_spi.c.obj
 .debug_info    0x0000925c     0x3d04 CMakeFiles/ride-height-test.elf.dir/Drivers/STM32L4xx_HAL_Driver/Src/stm32l4xx_hal_tim.c.obj
 .debug_info    0x0000cf60     0x1ce2 CMakeFiles/ride-height-test.elf.dir/Drivers/STM32L4xx_HAL_Driver/Src/stm32l4xx_hal_tim_ex.c.obj

.debug_abbrev   0x00000000     0x218b
 .debug_abbrev  0x00000000      0x119 CMakeFiles/ride-height-test.elf.dir/Core/Src/dma.c.obj
 .debug_abbrev  0x00000119      0x13b CMakeFiles/ride-height-test.elf.dir/Core/Src/gpio.c.obj
 .debug_abbrev  0x00000254      0x17e CMakeFiles/ride-height-test.elf.dir/Core/Src/main.c.obj
 .debug_abbrev  0x000003d2      0x225 CMakeFiles/ride-height-test.elf.dir/Core/Src/spi.c.obj
 .debug_abbrev  0x000005f7       0xc4 CMakeFiles/ride-height-test.elf.dir/Core/Src/stm32l4xx_hal_msp.c.obj
 .debug_abbrev  0x000006bb      0x179 CMakeFiles/ride-height-test.elf.dir/Core/Src/stm32l4xx_it.c.obj
 .debug_abbrev  0x00000834      0x120 CMakeFiles/ride-height-test.elf.dir/Core/Src/system_stm32l4xx.c.obj
 .debug_abbrev  0x00000954      0x1f3 CMakeFiles/ride-height-test.elf.dir/Core/Src/tim.c.obj
 .debug_abbrev  0x00000b47       0x24 CMakeFiles/ride-height-test.elf.dir/Core/Startup/startup_stm32l496rgtx.s.obj
 .debug_abbrev  0x00000b6b      0x267 CMakeFiles/ride-height-test.elf.dir/Drivers/STM32L4xx_HAL_Driver/Src/stm32l4xx_hal.c.obj
 .debug_abbrev  0x00000dd2      0x390 CMakeFiles/ride-height-test.elf.dir/Drivers/STM32L4xx_HAL_Driver/Src/stm32l4xx_hal_cortex.c.obj
 .debug_abbrev  0x00001162      0x21d CMakeFiles/ride-height-test.elf.dir/Drivers/STM32L4xx_HAL_Driver/Src/stm32l4xx_hal_dma.c.obj
 .debug_abbrev  0x0000137f      0x1f9 CMakeFiles/ride-height-test.elf.dir/Drivers/STM32L4xx_HAL_Driver/Src/stm32l4xx_hal_gpio.c.obj
 .debug_abbrev  0x00001578      0x215 CMakeFiles/ride-height-test.elf.dir/Drivers/STM32L4xx_HAL_Driver/Src/stm32l4xx_hal_pwr_ex.c.obj
 .debug_abbrev  0x0000178d      0x2ab CMakeFiles/ride-height-test.elf.dir/Drivers/STM32L4xx_HAL_Driver/Src/stm32l4xx_hal_rcc.c.obj
 .debug_abbrev  0x00001a38      0x273 CMakeFiles/ride-height-test.elf.dir/Drivers/STM32L4xx_HAL_Driver/Src/stm32l4xx_hal_spi.c.obj
 .debug_abbrev  0x00001cab      0x271 CMakeFiles/ride-height-test.elf.dir/Drivers/STM32L4xx_HAL_Driver/Src/stm32l4xx_hal_tim.c.obj
 .debug_abbrev  0x00001f1c      0x26f CMakeFiles/ride-height-test.elf.dir/Drivers/STM32L4xx_HAL_Driver/Src/stm32l4xx_hal_tim_ex.c.obj

.debug_aranges  0x00000000      0xdc0
 .debug_aranges
                0x00000000       0x20 CMakeFiles/ride-height-test.elf.dir/Core/Src/dma.c.obj
 .debug_aranges
                0x00000020       0x20 CMakeFiles/ride-height-test.elf.dir/Core/Src/gpio.c.obj
 .debug_aranges
                0x00000040       0x30 CMakeFiles/ride-height-test.elf.dir/Core/Src/main.c.obj
 .debug_aranges
                0x00000070       0x30 CMakeFiles/ride-height-test.elf.dir/Core/Src/spi.c.obj
 .debug_aranges
                0x000000a0       0x20 CMakeFiles/ride-height-test.elf.dir/Core/Src/stm32l4xx_hal_msp.c.obj
 .debug_aranges
                0x000000c0       0x70 CMakeFiles/ride-height-test.elf.dir/Core/Src/stm32l4xx_it.c.obj
 .debug_aranges
                0x00000130       0x28 CMakeFiles/ride-height-test.elf.dir/Core/Src/system_stm32l4xx.c.obj
 .debug_aranges
                0x00000158       0x30 CMakeFiles/ride-height-test.elf.dir/Core/Src/tim.c.obj
 .debug_aranges
                0x00000188       0x28 CMakeFiles/ride-height-test.elf.dir/Core/Startup/startup_stm32l496rgtx.s.obj
 .debug_aranges
                0x000001b0      0x130 CMakeFiles/ride-height-test.elf.dir/Drivers/STM32L4xx_HAL_Driver/Src/stm32l4xx_hal.c.obj
 .debug_aranges
                0x000002e0       0xf0 CMakeFiles/ride-height-test.elf.dir/Drivers/STM32L4xx_HAL_Driver/Src/stm32l4xx_hal_cortex.c.obj
 .debug_aranges
                0x000003d0       0x80 CMakeFiles/ride-height-test.elf.dir/Drivers/STM32L4xx_HAL_Driver/Src/stm32l4xx_hal_dma.c.obj
 .debug_aranges
                0x00000450       0x58 CMakeFiles/ride-height-test.elf.dir/Drivers/STM32L4xx_HAL_Driver/Src/stm32l4xx_hal_gpio.c.obj
 .debug_aranges
                0x000004a8      0x150 CMakeFiles/ride-height-test.elf.dir/Drivers/STM32L4xx_HAL_Driver/Src/stm32l4xx_hal_pwr_ex.c.obj
 .debug_aranges
                0x000005f8       0x90 CMakeFiles/ride-height-test.elf.dir/Drivers/STM32L4xx_HAL_Driver/Src/stm32l4xx_hal_rcc.c.obj
 .debug_aranges
                0x00000688      0x1d8 CMakeFiles/ride-height-test.elf.dir/Drivers/STM32L4xx_HAL_Driver/Src/stm32l4xx_hal_spi.c.obj
 .debug_aranges
                0x00000860      0x3e0 CMakeFiles/ride-height-test.elf.dir/Drivers/STM32L4xx_HAL_Driver/Src/stm32l4xx_hal_tim.c.obj
 .debug_aranges
                0x00000c40      0x180 CMakeFiles/ride-height-test.elf.dir/Drivers/STM32L4xx_HAL_Driver/Src/stm32l4xx_hal_tim_ex.c.obj

.debug_rnglists
                0x00000000      0xa72
 .debug_rnglists
                0x00000000       0x13 CMakeFiles/ride-height-test.elf.dir/Core/Src/dma.c.obj
 .debug_rnglists
                0x00000013       0x14 CMakeFiles/ride-height-test.elf.dir/Core/Src/gpio.c.obj
 .debug_rnglists
                0x00000027       0x1f CMakeFiles/ride-height-test.elf.dir/Core/Src/main.c.obj
 .debug_rnglists
                0x00000046       0x20 CMakeFiles/ride-height-test.elf.dir/Core/Src/spi.c.obj
 .debug_rnglists
                0x00000066       0x13 CMakeFiles/ride-height-test.elf.dir/Core/Src/stm32l4xx_hal_msp.c.obj
 .debug_rnglists
                0x00000079       0x4f CMakeFiles/ride-height-test.elf.dir/Core/Src/stm32l4xx_it.c.obj
 .debug_rnglists
                0x000000c8       0x1a CMakeFiles/ride-height-test.elf.dir/Core/Src/system_stm32l4xx.c.obj
 .debug_rnglists
                0x000000e2       0x1f CMakeFiles/ride-height-test.elf.dir/Core/Src/tim.c.obj
 .debug_rnglists
                0x00000101       0x19 CMakeFiles/ride-height-test.elf.dir/Core/Startup/startup_stm32l496rgtx.s.obj
 .debug_rnglists
                0x0000011a       0xdf CMakeFiles/ride-height-test.elf.dir/Drivers/STM32L4xx_HAL_Driver/Src/stm32l4xx_hal.c.obj
 .debug_rnglists
                0x000001f9       0xaf CMakeFiles/ride-height-test.elf.dir/Drivers/STM32L4xx_HAL_Driver/Src/stm32l4xx_hal_cortex.c.obj
 .debug_rnglists
                0x000002a8       0x5f CMakeFiles/ride-height-test.elf.dir/Drivers/STM32L4xx_HAL_Driver/Src/stm32l4xx_hal_dma.c.obj
 .debug_rnglists
                0x00000307       0x3f CMakeFiles/ride-height-test.elf.dir/Drivers/STM32L4xx_HAL_Driver/Src/stm32l4xx_hal_gpio.c.obj
 .debug_rnglists
                0x00000346       0xfd CMakeFiles/ride-height-test.elf.dir/Drivers/STM32L4xx_HAL_Driver/Src/stm32l4xx_hal_pwr_ex.c.obj
 .debug_rnglists
                0x00000443       0x7c CMakeFiles/ride-height-test.elf.dir/Drivers/STM32L4xx_HAL_Driver/Src/stm32l4xx_hal_rcc.c.obj
 .debug_rnglists
                0x000004bf      0x171 CMakeFiles/ride-height-test.elf.dir/Drivers/STM32L4xx_HAL_Driver/Src/stm32l4xx_hal_spi.c.obj
 .debug_rnglists
                0x00000630      0x313 CMakeFiles/ride-height-test.elf.dir/Drivers/STM32L4xx_HAL_Driver/Src/stm32l4xx_hal_tim.c.obj
 .debug_rnglists
                0x00000943      0x12f CMakeFiles/ride-height-test.elf.dir/Drivers/STM32L4xx_HAL_Driver/Src/stm32l4xx_hal_tim_ex.c.obj

.debug_line     0x00000000     0xec3d
 .debug_line    0x00000000      0x239 CMakeFiles/ride-height-test.elf.dir/Core/Src/dma.c.obj
 .debug_line    0x00000239      0x260 CMakeFiles/ride-height-test.elf.dir/Core/Src/gpio.c.obj
 .debug_line    0x00000499      0x3a8 CMakeFiles/ride-height-test.elf.dir/Core/Src/main.c.obj
 .debug_line    0x00000841      0x502 CMakeFiles/ride-height-test.elf.dir/Core/Src/spi.c.obj
 .debug_line    0x00000d43      0x1d5 CMakeFiles/ride-height-test.elf.dir/Core/Src/stm32l4xx_hal_msp.c.obj
 .debug_line    0x00000f18      0x34b CMakeFiles/ride-height-test.elf.dir/Core/Src/stm32l4xx_it.c.obj
 .debug_line    0x00001263      0x2df CMakeFiles/ride-height-test.elf.dir/Core/Src/system_stm32l4xx.c.obj
 .debug_line    0x00001542      0x3b0 CMakeFiles/ride-height-test.elf.dir/Core/Src/tim.c.obj
 .debug_line    0x000018f2       0x7a CMakeFiles/ride-height-test.elf.dir/Core/Startup/startup_stm32l496rgtx.s.obj
 .debug_line    0x0000196c      0x792 CMakeFiles/ride-height-test.elf.dir/Drivers/STM32L4xx_HAL_Driver/Src/stm32l4xx_hal.c.obj
 .debug_line    0x000020fe      0x8f1 CMakeFiles/ride-height-test.elf.dir/Drivers/STM32L4xx_HAL_Driver/Src/stm32l4xx_hal_cortex.c.obj
 .debug_line    0x000029ef      0xac2 CMakeFiles/ride-height-test.elf.dir/Drivers/STM32L4xx_HAL_Driver/Src/stm32l4xx_hal_dma.c.obj
 .debug_line    0x000034b1      0x78a CMakeFiles/ride-height-test.elf.dir/Drivers/STM32L4xx_HAL_Driver/Src/stm32l4xx_hal_gpio.c.obj
 .debug_line    0x00003c3b      0xb98 CMakeFiles/ride-height-test.elf.dir/Drivers/STM32L4xx_HAL_Driver/Src/stm32l4xx_hal_pwr_ex.c.obj
 .debug_line    0x000047d3     0x10e1 CMakeFiles/ride-height-test.elf.dir/Drivers/STM32L4xx_HAL_Driver/Src/stm32l4xx_hal_rcc.c.obj
 .debug_line    0x000058b4     0x2996 CMakeFiles/ride-height-test.elf.dir/Drivers/STM32L4xx_HAL_Driver/Src/stm32l4xx_hal_spi.c.obj
 .debug_line    0x0000824a     0x4c7c CMakeFiles/ride-height-test.elf.dir/Drivers/STM32L4xx_HAL_Driver/Src/stm32l4xx_hal_tim.c.obj
 .debug_line    0x0000cec6     0x1d77 CMakeFiles/ride-height-test.elf.dir/Drivers/STM32L4xx_HAL_Driver/Src/stm32l4xx_hal_tim_ex.c.obj

.debug_str      0x00000000     0x4806
 .debug_str     0x00000000     0x4806 CMakeFiles/ride-height-test.elf.dir/Core/Src/dma.c.obj
                                0x8df (size before relaxing)
 .debug_str     0x00004806      0x3ee CMakeFiles/ride-height-test.elf.dir/Core/Src/gpio.c.obj
 .debug_str     0x00004806      0x444 CMakeFiles/ride-height-test.elf.dir/Core/Src/main.c.obj
 .debug_str     0x00004806      0x88d CMakeFiles/ride-height-test.elf.dir/Core/Src/spi.c.obj
 .debug_str     0x00004806      0x36b CMakeFiles/ride-height-test.elf.dir/Core/Src/stm32l4xx_hal_msp.c.obj
 .debug_str     0x00004806      0x4d7 CMakeFiles/ride-height-test.elf.dir/Core/Src/stm32l4xx_it.c.obj
 .debug_str     0x00004806      0x3e8 CMakeFiles/ride-height-test.elf.dir/Core/Src/system_stm32l4xx.c.obj
 .debug_str     0x00004806      0x9f3 CMakeFiles/ride-height-test.elf.dir/Core/Src/tim.c.obj
 .debug_str     0x00004806       0xc7 CMakeFiles/ride-height-test.elf.dir/Core/Startup/startup_stm32l496rgtx.s.obj
 .debug_str     0x00004806      0xdd0 CMakeFiles/ride-height-test.elf.dir/Drivers/STM32L4xx_HAL_Driver/Src/stm32l4xx_hal.c.obj
 .debug_str     0x00004806      0xd17 CMakeFiles/ride-height-test.elf.dir/Drivers/STM32L4xx_HAL_Driver/Src/stm32l4xx_hal_cortex.c.obj
 .debug_str     0x00004806      0x699 CMakeFiles/ride-height-test.elf.dir/Drivers/STM32L4xx_HAL_Driver/Src/stm32l4xx_hal_dma.c.obj
 .debug_str     0x00004806      0x5a4 CMakeFiles/ride-height-test.elf.dir/Drivers/STM32L4xx_HAL_Driver/Src/stm32l4xx_hal_gpio.c.obj
 .debug_str     0x00004806      0x876 CMakeFiles/ride-height-test.elf.dir/Drivers/STM32L4xx_HAL_Driver/Src/stm32l4xx_hal_pwr_ex.c.obj
 .debug_str     0x00004806      0x906 CMakeFiles/ride-height-test.elf.dir/Drivers/STM32L4xx_HAL_Driver/Src/stm32l4xx_hal_rcc.c.obj
 .debug_str     0x00004806      0xc31 CMakeFiles/ride-height-test.elf.dir/Drivers/STM32L4xx_HAL_Driver/Src/stm32l4xx_hal_spi.c.obj
 .debug_str     0x00004806     0x176f CMakeFiles/ride-height-test.elf.dir/Drivers/STM32L4xx_HAL_Driver/Src/stm32l4xx_hal_tim.c.obj
 .debug_str     0x00004806     0x1083 CMakeFiles/ride-height-test.elf.dir/Drivers/STM32L4xx_HAL_Driver/Src/stm32l4xx_hal_tim_ex.c.obj

.comment        0x00000000       0x45
 .comment       0x00000000       0x45 CMakeFiles/ride-height-test.elf.dir/Core/Src/dma.c.obj
                                 0x46 (size before relaxing)
 .comment       0x00000045       0x46 CMakeFiles/ride-height-test.elf.dir/Core/Src/gpio.c.obj
 .comment       0x00000045       0x46 CMakeFiles/ride-height-test.elf.dir/Core/Src/main.c.obj
 .comment       0x00000045       0x46 CMakeFiles/ride-height-test.elf.dir/Core/Src/spi.c.obj
 .comment       0x00000045       0x46 CMakeFiles/ride-height-test.elf.dir/Core/Src/stm32l4xx_hal_msp.c.obj
 .comment       0x00000045       0x46 CMakeFiles/ride-height-test.elf.dir/Core/Src/stm32l4xx_it.c.obj
 .comment       0x00000045       0x46 CMakeFiles/ride-height-test.elf.dir/Core/Src/system_stm32l4xx.c.obj
 .comment       0x00000045       0x46 CMakeFiles/ride-height-test.elf.dir/Core/Src/tim.c.obj
 .comment       0x00000045       0x46 CMakeFiles/ride-height-test.elf.dir/Drivers/STM32L4xx_HAL_Driver/Src/stm32l4xx_hal.c.obj
 .comment       0x00000045       0x46 CMakeFiles/ride-height-test.elf.dir/Drivers/STM32L4xx_HAL_Driver/Src/stm32l4xx_hal_cortex.c.obj
 .comment       0x00000045       0x46 CMakeFiles/ride-height-test.elf.dir/Drivers/STM32L4xx_HAL_Driver/Src/stm32l4xx_hal_dma.c.obj
 .comment       0x00000045       0x46 CMakeFiles/ride-height-test.elf.dir/Drivers/STM32L4xx_HAL_Driver/Src/stm32l4xx_hal_gpio.c.obj
 .comment       0x00000045       0x46 CMakeFiles/ride-height-test.elf.dir/Drivers/STM32L4xx_HAL_Driver/Src/stm32l4xx_hal_pwr_ex.c.obj
 .comment       0x00000045       0x46 CMakeFiles/ride-height-test.elf.dir/Drivers/STM32L4xx_HAL_Driver/Src/stm32l4xx_hal_rcc.c.obj
 .comment       0x00000045       0x46 CMakeFiles/ride-height-test.elf.dir/Drivers/STM32L4xx_HAL_Driver/Src/stm32l4xx_hal_spi.c.obj
 .comment       0x00000045       0x46 CMakeFiles/ride-height-test.elf.dir/Drivers/STM32L4xx_HAL_Driver/Src/stm32l4xx_hal_tim.c.obj
 .comment       0x00000045       0x46 CMakeFiles/ride-height-test.elf.dir/Drivers/STM32L4xx_HAL_Driver/Src/stm32l4xx_hal_tim_ex.c.obj

.debug_frame    0x00000000     0x2504
 .debug_frame   0x00000000       0x2c CMakeFiles/ride-height-test.elf.dir/Core/Src/dma.c.obj
 .debug_frame   0x0000002c       0x2c CMakeFiles/ride-height-test.elf.dir/Core/Src/gpio.c.obj
 .debug_frame   0x00000058       0x58 CMakeFiles/ride-height-test.elf.dir/Core/Src/main.c.obj
 .debug_frame   0x000000b0       0x6c CMakeFiles/ride-height-test.elf.dir/Core/Src/spi.c.obj
 .debug_frame   0x0000011c       0x28 CMakeFiles/ride-height-test.elf.dir/Core/Src/stm32l4xx_hal_msp.c.obj
 .debug_frame   0x00000144       0xd8 CMakeFiles/ride-height-test.elf.dir/Core/Src/stm32l4xx_it.c.obj
 .debug_frame   0x0000021c       0x30 CMakeFiles/ride-height-test.elf.dir/Core/Src/system_stm32l4xx.c.obj
 .debug_frame   0x0000024c       0x58 CMakeFiles/ride-height-test.elf.dir/Core/Src/tim.c.obj
 .debug_frame   0x000002a4      0x274 CMakeFiles/ride-height-test.elf.dir/Drivers/STM32L4xx_HAL_Driver/Src/stm32l4xx_hal.c.obj
 .debug_frame   0x00000518      0x204 CMakeFiles/ride-height-test.elf.dir/Drivers/STM32L4xx_HAL_Driver/Src/stm32l4xx_hal_cortex.c.obj
 .debug_frame   0x0000071c      0x14c CMakeFiles/ride-height-test.elf.dir/Drivers/STM32L4xx_HAL_Driver/Src/stm32l4xx_hal_dma.c.obj
 .debug_frame   0x00000868       0xd0 CMakeFiles/ride-height-test.elf.dir/Drivers/STM32L4xx_HAL_Driver/Src/stm32l4xx_hal_gpio.c.obj
 .debug_frame   0x00000938      0x298 CMakeFiles/ride-height-test.elf.dir/Drivers/STM32L4xx_HAL_Driver/Src/stm32l4xx_hal_pwr_ex.c.obj
 .debug_frame   0x00000bd0      0x19c CMakeFiles/ride-height-test.elf.dir/Drivers/STM32L4xx_HAL_Driver/Src/stm32l4xx_hal_rcc.c.obj
 .debug_frame   0x00000d6c      0x5e4 CMakeFiles/ride-height-test.elf.dir/Drivers/STM32L4xx_HAL_Driver/Src/stm32l4xx_hal_spi.c.obj
 .debug_frame   0x00001350      0xb4c CMakeFiles/ride-height-test.elf.dir/Drivers/STM32L4xx_HAL_Driver/Src/stm32l4xx_hal_tim.c.obj
 .debug_frame   0x00001e9c      0x47c CMakeFiles/ride-height-test.elf.dir/Drivers/STM32L4xx_HAL_Driver/Src/stm32l4xx_hal_tim_ex.c.obj
 .debug_frame   0x00002318       0x2c /Applications/ArmGNUToolchain/14.2.rel1/arm-none-eabi/bin/../lib/gcc/arm-none-eabi/14.2.1/../../../../arm-none-eabi/lib/thumb/v7e-m/nofp/libg.a(libc_a-memset.o)
 .debug_frame   0x00002344       0x2c /Applications/ArmGNUToolchain/14.2.rel1/arm-none-eabi/bin/../lib/gcc/arm-none-eabi/14.2.1/../../../../arm-none-eabi/lib/thumb/v7e-m/nofp/libg.a(libc_a-init.o)
 .debug_frame   0x00002370       0xb0 /Applications/ArmGNUToolchain/14.2.rel1/arm-none-eabi/bin/../lib/gcc/arm-none-eabi/14.2.1/../../../../arm-none-eabi/lib/thumb/v7e-m/nofp/libg.a(libc_a-lock.o)
 .debug_frame   0x00002420       0x5c /Applications/ArmGNUToolchain/14.2.rel1/arm-none-eabi/bin/../lib/gcc/arm-none-eabi/14.2.1/../../../../arm-none-eabi/lib/thumb/v7e-m/nofp/libg.a(libc_a-__call_atexit.o)
 .debug_frame   0x0000247c       0x20 /Applications/ArmGNUToolchain/14.2.rel1/arm-none-eabi/bin/../lib/gcc/arm-none-eabi/14.2.1/../../../../arm-none-eabi/lib/thumb/v7e-m/nofp/libg.a(libc_a-atexit.o)
 .debug_frame   0x0000249c       0x34 /Applications/ArmGNUToolchain/14.2.rel1/arm-none-eabi/bin/../lib/gcc/arm-none-eabi/14.2.1/../../../../arm-none-eabi/lib/thumb/v7e-m/nofp/libg.a(libc_a-fini.o)
 .debug_frame   0x000024d0       0x34 /Applications/ArmGNUToolchain/14.2.rel1/arm-none-eabi/bin/../lib/gcc/arm-none-eabi/14.2.1/../../../../arm-none-eabi/lib/thumb/v7e-m/nofp/libg.a(libc_a-__atexit.o)

.debug_loclists
                0x00000000     0x88ce
 .debug_loclists
                0x00000000       0x5c CMakeFiles/ride-height-test.elf.dir/Core/Src/spi.c.obj
 .debug_loclists
                0x0000005c       0xae CMakeFiles/ride-height-test.elf.dir/Core/Src/system_stm32l4xx.c.obj
 .debug_loclists
                0x0000010a      0x14d CMakeFiles/ride-height-test.elf.dir/Drivers/STM32L4xx_HAL_Driver/Src/stm32l4xx_hal.c.obj
 .debug_loclists
                0x00000257      0x54d CMakeFiles/ride-height-test.elf.dir/Drivers/STM32L4xx_HAL_Driver/Src/stm32l4xx_hal_cortex.c.obj
 .debug_loclists
                0x000007a4      0x59e CMakeFiles/ride-height-test.elf.dir/Drivers/STM32L4xx_HAL_Driver/Src/stm32l4xx_hal_dma.c.obj
 .debug_loclists
                0x00000d42      0x291 CMakeFiles/ride-height-test.elf.dir/Drivers/STM32L4xx_HAL_Driver/Src/stm32l4xx_hal_gpio.c.obj
 .debug_loclists
                0x00000fd3      0x7e9 CMakeFiles/ride-height-test.elf.dir/Drivers/STM32L4xx_HAL_Driver/Src/stm32l4xx_hal_pwr_ex.c.obj
 .debug_loclists
                0x000017bc      0x585 CMakeFiles/ride-height-test.elf.dir/Drivers/STM32L4xx_HAL_Driver/Src/stm32l4xx_hal_rcc.c.obj
 .debug_loclists
                0x00001d41     0x16ef CMakeFiles/ride-height-test.elf.dir/Drivers/STM32L4xx_HAL_Driver/Src/stm32l4xx_hal_spi.c.obj
 .debug_loclists
                0x00003430     0x3b99 CMakeFiles/ride-height-test.elf.dir/Drivers/STM32L4xx_HAL_Driver/Src/stm32l4xx_hal_tim.c.obj
 .debug_loclists
                0x00006fc9     0x1905 CMakeFiles/ride-height-test.elf.dir/Drivers/STM32L4xx_HAL_Driver/Src/stm32l4xx_hal_tim_ex.c.obj

.debug_line_str
                0x00000000       0xab
 .debug_line_str
                0x00000000       0xab CMakeFiles/ride-height-test.elf.dir/Core/Startup/startup_stm32l496rgtx.s.obj
